Component: ARM Compiler 5.06 update 6 (build 750) Tool: armlink [4d35ed]

==============================================================================

Section Cross References

    startup_stm32l476xx.o(STACK) refers (Special) to heapauxi.o(.text) for __use_two_region_memory
    startup_stm32l476xx.o(HEAP) refers (Special) to heapauxi.o(.text) for __use_two_region_memory
    startup_stm32l476xx.o(RESET) refers (Special) to heapauxi.o(.text) for __use_two_region_memory
    startup_stm32l476xx.o(RESET) refers to startup_stm32l476xx.o(STACK) for __initial_sp
    startup_stm32l476xx.o(RESET) refers to startup_stm32l476xx.o(.text) for Reset_Handler
    startup_stm32l476xx.o(RESET) refers to stm32l4xx_it.o(i.NMI_Handler) for NMI_Handler
    startup_stm32l476xx.o(RESET) refers to stm32l4xx_it.o(i.HardFault_Handler) for HardFault_Handler
    startup_stm32l476xx.o(RESET) refers to stm32l4xx_it.o(i.MemManage_Handler) for MemManage_Handler
    startup_stm32l476xx.o(RESET) refers to stm32l4xx_it.o(i.BusFault_Handler) for BusFault_Handler
    startup_stm32l476xx.o(RESET) refers to stm32l4xx_it.o(i.UsageFault_Handler) for UsageFault_Handler
    startup_stm32l476xx.o(RESET) refers to stm32l4xx_it.o(i.SVC_Handler) for SVC_Handler
    startup_stm32l476xx.o(RESET) refers to stm32l4xx_it.o(i.DebugMon_Handler) for DebugMon_Handler
    startup_stm32l476xx.o(RESET) refers to stm32l4xx_it.o(i.PendSV_Handler) for PendSV_Handler
    startup_stm32l476xx.o(RESET) refers to stm32l4xx_it.o(i.SysTick_Handler) for SysTick_Handler
    startup_stm32l476xx.o(RESET) refers to stm32l4xx_it.o(i.EXTI0_IRQHandler) for EXTI0_IRQHandler
    startup_stm32l476xx.o(RESET) refers to stm32l4xx_it.o(i.DMA1_Channel5_IRQHandler) for DMA1_Channel5_IRQHandler
    startup_stm32l476xx.o(RESET) refers to stm32l4xx_it.o(i.DMA1_Channel6_IRQHandler) for DMA1_Channel6_IRQHandler
    startup_stm32l476xx.o(RESET) refers to stm32l4xx_it.o(i.EXTI9_5_IRQHandler) for EXTI9_5_IRQHandler
    startup_stm32l476xx.o(RESET) refers to stm32l4xx_it.o(i.TIM3_IRQHandler) for TIM3_IRQHandler
    startup_stm32l476xx.o(RESET) refers to stm32l4xx_it.o(i.USART1_IRQHandler) for USART1_IRQHandler
    startup_stm32l476xx.o(RESET) refers to stm32l4xx_it.o(i.USART2_IRQHandler) for USART2_IRQHandler
    startup_stm32l476xx.o(RESET) refers to stm32l4xx_it.o(i.EXTI15_10_IRQHandler) for EXTI15_10_IRQHandler
    startup_stm32l476xx.o(RESET) refers to stm32l4xx_it.o(i.DMA2_Channel7_IRQHandler) for DMA2_Channel7_IRQHandler
    startup_stm32l476xx.o(RESET) refers to stm32l4xx_it.o(i.LPUART1_IRQHandler) for LPUART1_IRQHandler
    startup_stm32l476xx.o(.text) refers (Special) to heapauxi.o(.text) for __use_two_region_memory
    startup_stm32l476xx.o(.text) refers to system_stm32l4xx.o(i.SystemInit) for SystemInit
    startup_stm32l476xx.o(.text) refers to __main.o(!!!main) for __main
    startup_stm32l476xx.o(.text) refers to startup_stm32l476xx.o(HEAP) for Heap_Mem
    startup_stm32l476xx.o(.text) refers to startup_stm32l476xx.o(STACK) for Stack_Mem
    main.o(i.SystemClock_Config) refers to rt_memclr_w.o(.text) for __aeabi_memclr4
    main.o(i.SystemClock_Config) refers to stm32l4xx_hal_pwr_ex.o(i.HAL_PWREx_ControlVoltageScaling) for HAL_PWREx_ControlVoltageScaling
    main.o(i.SystemClock_Config) refers to stm32l4xx_hal_rcc.o(i.HAL_RCC_OscConfig) for HAL_RCC_OscConfig
    main.o(i.SystemClock_Config) refers to stm32l4xx_hal_rcc.o(i.HAL_RCC_ClockConfig) for HAL_RCC_ClockConfig
    main.o(i.main) refers to stm32l4xx_hal.o(i.HAL_Init) for HAL_Init
    main.o(i.main) refers to main.o(i.SystemClock_Config) for SystemClock_Config
    main.o(i.main) refers to gpio.o(i.MX_GPIO_Init) for MX_GPIO_Init
    main.o(i.main) refers to dma.o(i.MX_DMA_Init) for MX_DMA_Init
    main.o(i.main) refers to usart.o(i.MX_LPUART1_UART_Init) for MX_LPUART1_UART_Init
    main.o(i.main) refers to usart.o(i.MX_USART1_UART_Init) for MX_USART1_UART_Init
    main.o(i.main) refers to usart.o(i.MX_USART2_UART_Init) for MX_USART2_UART_Init
    main.o(i.main) refers to tim.o(i.MX_TIM6_Init) for MX_TIM6_Init
    main.o(i.main) refers to rtc.o(i.MX_RTC_Init) for MX_RTC_Init
    main.o(i.main) refers to tim.o(i.MX_TIM15_Init) for MX_TIM15_Init
    main.o(i.main) refers to i2c.o(i.MX_I2C1_Init) for MX_I2C1_Init
    main.o(i.main) refers to tim.o(i.MX_TIM3_Init) for MX_TIM3_Init
    main.o(i.main) refers to stm32l4xx_hal.o(i.HAL_Delay) for HAL_Delay
    main.o(i.main) refers to usart.o(i.LPUART1_Clear_IT) for LPUART1_Clear_IT
    main.o(i.main) refers to usart.o(i.USART2_Clear_IT) for USART2_Clear_IT
    main.o(i.main) refers to stm32l4xx_hal_tim.o(i.HAL_TIM_Base_Start_IT) for HAL_TIM_Base_Start_IT
    main.o(i.main) refers to hdc1000.o(i.HDC1000_Init) for HDC1000_Init
    main.o(i.main) refers to opt3001.o(i.OPT3001_Init) for OPT3001_Init
    main.o(i.main) refers to mpl3115.o(i.MPL3115_Init) for MPL3115_Init
    main.o(i.main) refers to st7789v.o(i.LCD_Init) for LCD_Init
[...]
    _printf_ll_hex                           0x08000573   Thumb Code    12  _printf_hex_int_ll_ptr.o(.text)
    _printf_hex_ptr                          0x0800057f   Thumb Code    18  _printf_hex_int_ll_ptr.o(.text)
    __printf                                 0x08000595   Thumb Code   388  __printf_flags_ss_wp.o(.text)
    strlen                                   0x08000723   Thumb Code    62  strlen.o(.text)
    strcat                                   0x08000761   Thumb Code    24  strcat.o(.text)
    __aeabi_memcpy                           0x08000779   Thumb Code     0  rt_memcpy_v6.o(.text)
    __rt_memcpy                              0x08000779   Thumb Code   138  rt_memcpy_v6.o(.text)
    _memcpy_lastbytes                        0x080007df   Thumb Code     0  rt_memcpy_v6.o(.text)
    __aeabi_memclr                           0x08000803   Thumb Code     0  rt_memclr.o(.text)
    __rt_memclr                              0x08000803   Thumb Code    68  rt_memclr.o(.text)
    _memset                                  0x08000807   Thumb Code     0  rt_memclr.o(.text)
    __aeabi_memclr4                          0x08000847   Thumb Code     0  rt_memclr_w.o(.text)
    __aeabi_memclr8                          0x08000847   Thumb Code     0  rt_memclr_w.o(.text)
    __rt_memclr_w                            0x08000847   Thumb Code    78  rt_memclr_w.o(.text)
    _memset_w                                0x0800084b   Thumb Code     0  rt_memclr_w.o(.text)
    __use_two_region_memory                  0x08000895   Thumb Code     2  heapauxi.o(.text)
    __rt_heap_escrow                         0x08000897   Thumb Code     2  heapauxi.o(.text)
    __rt_heap_expand                         0x08000899   Thumb Code     2  heapauxi.o(.text)
    __rt_heap_descriptor                     0x0800089d   Thumb Code     8  rt_heap_descriptor_intlibspace.o(.text)
    _printf_truncate_signed                  0x080008a5   Thumb Code    18  _printf_truncate.o(.text)
    _printf_truncate_unsigned                0x080008b7   Thumb Code    18  _printf_truncate.o(.text)
    _printf_str                              0x080008c9   Thumb Code    82  _printf_str.o(.text)
    _printf_int_common                       0x0800091b   Thumb Code   178  _printf_intcommon.o(.text)
    _printf_int_dec                          0x080009cd   Thumb Code   104  _printf_dec.o(.text)
    _printf_charcount                        0x08000a45   Thumb Code    40  _printf_charcount.o(.text)
    _printf_char_common                      0x08000a77   Thumb Code    32  _printf_char_common.o(.text)
    _sputc                                   0x08000a9d   Thumb Code    10  _sputc.o(.text)
    _snputc                                  0x08000aa7   Thumb Code    16  _snputc.o(.text)
    _printf_wctomb                           0x08000ab9   Thumb Code   182  _printf_wctomb.o(.text)
    _printf_longlong_dec                     0x08000b7d   Thumb Code   108  _printf_longlong_dec.o(.text)
    _printf_longlong_oct                     0x08000bf9   Thumb Code    66  _printf_oct_int_ll.o(.text)
    _printf_int_oct                          0x08000c3b   Thumb Code    24  _printf_oct_int_ll.o(.text)
    _printf_ll_oct                           0x08000c53   Thumb Code    12  _printf_oct_int_ll.o(.text)
    __aeabi_memcpy4                          0x08000c69   Thumb Code     0  rt_memcpy_w.o(.text)
    __aeabi_memcpy8                          0x08000c69   Thumb Code     0  rt_memcpy_w.o(.text)
    __rt_memcpy_w                            0x08000c69   Thumb Code   100  rt_memcpy_w.o(.text)
    _memcpy_lastbytes_aligned                0x08000cb1   Thumb Code     0  rt_memcpy_w.o(.text)
    __user_libspace                          0x08000ccd   Thumb Code     8  libspace.o(.text)
    __user_perproc_libspace                  0x08000ccd   Thumb Code     0  libspace.o(.text)
    __user_perthread_libspace                0x08000ccd   Thumb Code     0  libspace.o(.text)
    _ll_udiv10                               0x08000cd5   Thumb Code   138  lludiv10.o(.text)
    __lib_sel_fp_printf                      0x08000d5f   Thumb Code     2  _printf_fp_dec.o(.text)
    _printf_fp_dec_real                      0x08000f11   Thumb Code   620  _printf_fp_dec.o(.text)
    _printf_fp_hex_real                      0x08001185   Thumb Code   756  _printf_fp_hex.o(.text)
    _printf_cs_common                        0x08001487   Thumb Code    20  _printf_char.o(.text)
    _printf_char                             0x0800149b   Thumb Code    16  _printf_char.o(.text)
    _printf_string                           0x080014ab   Thumb Code     8  _printf_char.o(.text)
    _printf_lcs_common                       0x080014b3   Thumb Code    20  _printf_wchar.o(.text)
    _printf_wchar                            0x080014c7   Thumb Code    16  _printf_wchar.o(.text)
    _printf_wstring                          0x080014d7   Thumb Code     8  _printf_wchar.o(.text)
    _wcrtomb                                 0x080014df   Thumb Code    64  _wcrtomb.o(.text)
    __user_setup_stackheap                   0x0800151f   Thumb Code    74  sys_stackheap_outer.o(.text)
    __rt_ctype_table                         0x08001569   Thumb Code    16  rt_ctype_table.o(.text)
    __rt_locale                              0x08001579   Thumb Code     8  rt_locale_intlibspace.o(.text)
    _printf_fp_infnan                        0x08001581   Thumb Code   112  _printf_fp_infnan.o(.text)
    _btod_etento                             0x08001601   Thumb Code   224  bigflt0.o(.text)
    exit                                     0x080016e5   Thumb Code    18  exit.o(.text)
    _sys_exit                                0x080016f9   Thumb Code     8  sys_exit.o(.text)
    __I$use$semihosting                      0x08001705   Thumb Code     0  use_no_semi.o(.text)
    __use_no_semihosting_swi                 0x08001705   Thumb Code     2  use_no_semi.o(.text)
    __semihosting_library_function           0x08001707   Thumb Code     0  indicate_semi.o(.text)
    strcmp                                   0x08001709   Thumb Code   128  strcmpv7m.o(.text)
    _btod_d2e                                0x08001789   Thumb Code    62  btod.o(CL$$btod_d2e)
    _d2e_denorm_low                          0x080017c7   Thumb Code    70  btod.o(CL$$btod_d2e_denorm_low)
    _d2e_norm_op1                            0x0800180d   Thumb Code    96  btod.o(CL$$btod_d2e_norm_op1)
    __btod_div_common                        0x0800186d   Thumb Code   696  btod.o(CL$$btod_div_common)
    _e2e                                     0x08001ba5   Thumb Code   220  btod.o(CL$$btod_e2e)
    _btod_ediv                               0x08001c81   Thumb Code    42  btod.o(CL$$btod_ediv)
    _btod_emul                               0x08001cab   Thumb Code    42  btod.o(CL$$btod_emul)
    __btod_mult_common                       0x08001cd5   Thumb Code   580  btod.o(CL$$btod_mult_common)
    ADS_Read_XY                              0x08001f19   Thumb Code   102  xpt2046.o(i.ADS_Read_XY)
    BusFault_Handler                         0x08001f7f   Thumb Code     2  stm32l4xx_it.o(i.BusFault_Handler)
    DMA1_Channel5_IRQHandler                 0x08001f81   Thumb Code     6  stm32l4xx_it.o(i.DMA1_Channel5_IRQHandler)
    DMA1_Channel6_IRQHandler                 0x08001f8d   Thumb Code     6  stm32l4xx_it.o(i.DMA1_Channel6_IRQHandler)
    DMA2_Channel7_IRQHandler                 0x08001f99   Thumb Code     6  stm32l4xx_it.o(i.DMA2_Channel7_IRQHandler)
    DebugMon_Handler                         0x08001fd3   Thumb Code     2  stm32l4xx_it.o(i.DebugMon_Handler)
    Delay_us                                 0x08001fd5   Thumb Code    22  xpt2046.o(i.Delay_us)
    EXTI0_IRQHandler                         0x08001feb   Thumb Code     6  stm32l4xx_it.o(i.EXTI0_IRQHandler)
    EXTI15_10_IRQHandler                     0x08001ff1   Thumb Code     8  stm32l4xx_it.o(i.EXTI15_10_IRQHandler)
    EXTI9_5_IRQHandler                       0x08001ff9   Thumb Code     6  stm32l4xx_it.o(i.EXTI9_5_IRQHandler)
    Error_Handler                            0x08001fff   Thumb Code     4  main.o(i.Error_Handler)
    GUI_Show                                 0x08002005   Thumb Code   136  app.o(i.GUI_Show)
    HAL_DMA_Abort                            0x080020cd   Thumb Code    74  stm32l4xx_hal_dma.o(i.HAL_DMA_Abort)
    HAL_DMA_Abort_IT                         0x08002117   Thumb Code    78  stm32l4xx_hal_dma.o(i.HAL_DMA_Abort_IT)
    HAL_DMA_GetError                         0x08002165   Thumb Code     4  stm32l4xx_hal_dma.o(i.HAL_DMA_GetError)
    HAL_DMA_IRQHandler                       0x08002169   Thumb Code   186  stm32l4xx_hal_dma.o(i.HAL_DMA_IRQHandler)
    HAL_DMA_Init                             0x08002225   Thumb Code   178  stm32l4xx_hal_dma.o(i.HAL_DMA_Init)
    HAL_DMA_Start_IT                         0x080022e5   Thumb Code   112  stm32l4xx_hal_dma.o(i.HAL_DMA_Start_IT)
    HAL_Delay                                0x08002355   Thumb Code    32  stm32l4xx_hal.o(i.HAL_Delay)
    HAL_GPIO_EXTI_Callback                   0x08002379   Thumb Code   228  key.o(i.HAL_GPIO_EXTI_Callback)
    HAL_GPIO_EXTI_IRQHandler                 0x0800247d   Thumb Code    18  stm32l4xx_hal_gpio.o(i.HAL_GPIO_EXTI_IRQHandler)
    HAL_GPIO_Init                            0x08002495   Thumb Code   500  stm32l4xx_hal_gpio.o(i.HAL_GPIO_Init)
    HAL_GPIO_ReadPin                         0x080026b3   Thumb Code    10  stm32l4xx_hal_gpio.o(i.HAL_GPIO_ReadPin)
    HAL_GPIO_WritePin                        0x080026bd   Thumb Code    10  stm32l4xx_hal_gpio.o(i.HAL_GPIO_WritePin)
    HAL_GetTick                              0x080026c9   Thumb Code     6  stm32l4xx_hal.o(i.HAL_GetTick)
    HAL_I2CEx_ConfigAnalogFilter             0x080026d5   Thumb Code    86  stm32l4xx_hal_i2c_ex.o(i.HAL_I2CEx_ConfigAnalogFilter)
    HAL_I2CEx_ConfigDigitalFilter            0x0800272b   Thumb Code    82  stm32l4xx_hal_i2c_ex.o(i.HAL_I2CEx_ConfigDigitalFilter)
    HAL_I2C_GetError                         0x0800277d   Thumb Code     4  stm32l4xx_hal_i2c.o(i.HAL_I2C_GetError)
    HAL_I2C_GetState                         0x08002781   Thumb Code     6  stm32l4xx_hal_i2c.o(i.HAL_I2C_GetState)
    HAL_I2C_Init                             0x08002789   Thumb Code   184  stm32l4xx_hal_i2c.o(i.HAL_I2C_Init)
    HAL_I2C_Master_Receive                   0x08002845   Thumb Code   282  stm32l4xx_hal_i2c.o(i.HAL_I2C_Master_Receive)
    HAL_I2C_Master_Transmit                  0x08002971   Thumb Code   324  stm32l4xx_hal_i2c.o(i.HAL_I2C_Master_Transmit)
    HAL_I2C_Mem_Read                         0x08002ac5   Thumb Code   346  stm32l4xx_hal_i2c.o(i.HAL_I2C_Mem_Read)
    HAL_I2C_MspInit                          0x08002c31   Thumb Code   118  i2c.o(i.HAL_I2C_MspInit)
    HAL_IncTick                              0x08002cb5   Thumb Code    12  stm32l4xx_hal.o(i.HAL_IncTick)
    HAL_Init                                 0x08002cc5   Thumb Code    30  stm32l4xx_hal.o(i.HAL_Init)
    HAL_InitTick                             0x08002ce5   Thumb Code    58  stm32l4xx_hal.o(i.HAL_InitTick)
    HAL_MspInit                              0x08002d29   Thumb Code    38  stm32l4xx_hal_msp.o(i.HAL_MspInit)
    HAL_NVIC_DisableIRQ                      0x08002d55   Thumb Code    34  stm32l4xx_hal_cortex.o(i.HAL_NVIC_DisableIRQ)
    HAL_NVIC_EnableIRQ                       0x08002d77   Thumb Code    26  stm32l4xx_hal_cortex.o(i.HAL_NVIC_EnableIRQ)
    HAL_NVIC_SetPriority                     0x08002d91   Thumb Code    60  stm32l4xx_hal_cortex.o(i.HAL_NVIC_SetPriority)
    HAL_NVIC_SetPriorityGrouping             0x08002dd1   Thumb Code    26  stm32l4xx_hal_cortex.o(i.HAL_NVIC_SetPriorityGrouping)
    HAL_PWREx_ControlVoltageScaling          0x08002df5   Thumb Code    90  stm32l4xx_hal_pwr_ex.o(i.HAL_PWREx_ControlVoltageScaling)
    HAL_PWREx_GetVoltageRange                0x08002e5d   Thumb Code    10  stm32l4xx_hal_pwr_ex.o(i.HAL_PWREx_GetVoltageRange)
    HAL_RCCEx_PeriphCLKConfig                0x08002e6d   Thumb Code   928  stm32l4xx_hal_rcc_ex.o(i.HAL_RCCEx_PeriphCLKConfig)
    HAL_RCC_ClockConfig                      0x0800321d   Thumb Code   304  stm32l4xx_hal_rcc.o(i.HAL_RCC_ClockConfig)
    HAL_RCC_GetPCLK1Freq                     0x08003361   Thumb Code    24  stm32l4xx_hal_rcc.o(i.HAL_RCC_GetPCLK1Freq)
    HAL_RCC_GetPCLK2Freq                     0x08003385   Thumb Code    24  stm32l4xx_hal_rcc.o(i.HAL_RCC_GetPCLK2Freq)
    HAL_RCC_GetSysClockFreq                  0x080033a9   Thumb Code   150  stm32l4xx_hal_rcc.o(i.HAL_RCC_GetSysClockFreq)
    HAL_RCC_OscConfig                        0x0800344d   Thumb Code  1294  stm32l4xx_hal_rcc.o(i.HAL_RCC_OscConfig)
    HAL_RTC_Init                             0x08003965   Thumb Code   172  stm32l4xx_hal_rtc.o(i.HAL_RTC_Init)
    HAL_RTC_MspInit                          0x08003a15   Thumb Code    60  rtc.o(i.HAL_RTC_MspInit)
    HAL_RTC_WaitForSynchro                   0x08003a59   Thumb Code    50  stm32l4xx_hal_rtc.o(i.HAL_RTC_WaitForSynchro)
    HAL_SYSTICK_Config                       0x08003a91   Thumb Code    40  stm32l4xx_hal_cortex.o(i.HAL_SYSTICK_Config)
    HAL_TIMEx_Break2Callback                 0x08003ab9   Thumb Code     2  stm32l4xx_hal_tim_ex.o(i.HAL_TIMEx_Break2Callback)
    HAL_TIMEx_BreakCallback                  0x08003abb   Thumb Code     2  stm32l4xx_hal_tim_ex.o(i.HAL_TIMEx_BreakCallback)
    HAL_TIMEx_CommutCallback                 0x08003abd   Thumb Code     2  stm32l4xx_hal_tim_ex.o(i.HAL_TIMEx_CommutCallback)
    HAL_TIMEx_ConfigBreakDeadTime            0x08003ac1   Thumb Code   132  stm32l4xx_hal_tim_ex.o(i.HAL_TIMEx_ConfigBreakDeadTime)
    HAL_TIMEx_MasterConfigSynchronization    0x08003b4d   Thumb Code   130  stm32l4xx_hal_tim_ex.o(i.HAL_TIMEx_MasterConfigSynchronization)
    HAL_TIM_Base_Init                        0x08003be9   Thumb Code    98  stm32l4xx_hal_tim.o(i.HAL_TIM_Base_Init)
    HAL_TIM_Base_MspInit                     0x08003c4d   Thumb Code    94  tim.o(i.HAL_TIM_Base_MspInit)
    HAL_TIM_Base_Start_IT                    0x08003cbd   Thumb Code   100  stm32l4xx_hal_tim.o(i.HAL_TIM_Base_Start_IT)
    HAL_TIM_ConfigClockSource                0x08003d3d   Thumb Code   220  stm32l4xx_hal_tim.o(i.HAL_TIM_ConfigClockSource)
    HAL_TIM_IC_CaptureCallback               0x08003e1d   Thumb Code     2  stm32l4xx_hal_tim.o(i.HAL_TIM_IC_CaptureCallback)
    HAL_TIM_IRQHandler                       0x08003e1f   Thumb Code   326  stm32l4xx_hal_tim.o(i.HAL_TIM_IRQHandler)
    HAL_TIM_OC_DelayElapsedCallback          0x08003f65   Thumb Code     2  stm32l4xx_hal_tim.o(i.HAL_TIM_OC_DelayElapsedCallback)
    HAL_TIM_PWM_ConfigChannel                0x08003f67   Thumb Code   292  stm32l4xx_hal_tim.o(i.HAL_TIM_PWM_ConfigChannel)
    HAL_TIM_PWM_Init                         0x0800408b   Thumb Code    98  stm32l4xx_hal_tim.o(i.HAL_TIM_PWM_Init)
    HAL_TIM_PWM_MspInit                      0x080040ed   Thumb Code     2  stm32l4xx_hal_tim.o(i.HAL_TIM_PWM_MspInit)
    HAL_TIM_PWM_PulseFinishedCallback        0x080040ef   Thumb Code     2  stm32l4xx_hal_tim.o(i.HAL_TIM_PWM_PulseFinishedCallback)
    HAL_TIM_PWM_Start                        0x080040f1   Thumb Code   224  stm32l4xx_hal_tim.o(i.HAL_TIM_PWM_Start)
    HAL_TIM_PeriodElapsedCallback            0x080041f5   Thumb Code    38  app.o(i.HAL_TIM_PeriodElapsedCallback)
    HAL_TIM_TriggerCallback                  0x08004225   Thumb Code     2  stm32l4xx_hal_tim.o(i.HAL_TIM_TriggerCallback)
    HAL_UARTEx_RxEventCallback               0x08004227   Thumb Code     2  stm32l4xx_hal_uart.o(i.HAL_UARTEx_RxEventCallback)
    HAL_UARTEx_WakeupCallback                0x08004229   Thumb Code     2  stm32l4xx_hal_uart_ex.o(i.HAL_UARTEx_WakeupCallback)
    HAL_UART_DMAStop                         0x0800422b   Thumb Code   142  stm32l4xx_hal_uart.o(i.HAL_UART_DMAStop)
    HAL_UART_ErrorCallback                   0x080042b9   Thumb Code     2  stm32l4xx_hal_uart.o(i.HAL_UART_ErrorCallback)
    HAL_UART_IRQHandler                      0x080042bd   Thumb Code   688  stm32l4xx_hal_uart.o(i.HAL_UART_IRQHandler)
    HAL_UART_Init                            0x08004575   Thumb Code   102  stm32l4xx_hal_uart.o(i.HAL_UART_Init)
    HAL_UART_MspInit                         0x080045dd   Thumb Code   446  usart.o(i.HAL_UART_MspInit)
    HAL_UART_Receive_DMA                     0x080047c9   Thumb Code    66  stm32l4xx_hal_uart.o(i.HAL_UART_Receive_DMA)
    HAL_UART_RxCpltCallback                  0x08004811   Thumb Code     2  stm32l4xx_hal_uart.o(i.HAL_UART_RxCpltCallback)
    HAL_UART_RxHalfCpltCallback              0x08004813   Thumb Code     2  stm32l4xx_hal_uart.o(i.HAL_UART_RxHalfCpltCallback)
    HAL_UART_TxCpltCallback                  0x08004815   Thumb Code     2  stm32l4xx_hal_uart.o(i.HAL_UART_TxCpltCallback)
    HDC1000_IO_Init                          0x08004819   Thumb Code     8  hdc1000.o(i.HDC1000_IO_Init)
    HDC1000_Init                             0x08004825   Thumb Code    62  hdc1000.o(i.HDC1000_Init)
    HDC1000_Read_Humidi                      0x080048ff   Thumb Code    20  hdc1000.o(i.HDC1000_Read_Humidi)
    HDC1000_Read_Temper                      0x08004913   Thumb Code    20  hdc1000.o(i.HDC1000_Read_Temper)
    HardFault_Handler                        0x08004995   Thumb Code     2  stm32l4xx_it.o(i.HardFault_Handler)
    I2Cx_Init                                0x08004d1d   Thumb Code    56  hdc1000.o(i.I2Cx_Init)
    KEY_DO                                   0x08004d5d   Thumb Code    60  key.o(i.KEY_DO)
    LCDOpenWindows                           0x08004d99   Thumb Code   114  st7789v.o(i.LCDOpenWindows)
    LCD_Clear                                0x08004e0d   Thumb Code    64  st7789v.o(i.LCD_Clear)
    LCD_DrawPoint                            0x08004e51   Thumb Code    60  st7789v.o(i.LCD_DrawPoint)
    LCD_Fill                                 0x08004e91   Thumb Code    92  st7789v.o(i.LCD_Fill)
    LCD_Init                                 0x08004ef1   Thumb Code    84  st7789v.o(i.LCD_Init)
    LCD_ST7789_DrawPicture                   0x08004f65   Thumb Code   192  st7789v.o(i.LCD_ST7789_DrawPicture)
    LCD_ShowChar                             0x0800502d   Thumb Code    76  st7789v.o(i.LCD_ShowChar)
    LCD_ShowString                           0x08005083   Thumb Code    74  st7789v.o(i.LCD_ShowString)
    LCD_Test                                 0x080050cd   Thumb Code    50  st7789v.o(i.LCD_Test)
    LCD_WriteCommand                         0x08005105   Thumb Code    98  st7789v.o(i.LCD_WriteCommand)
    LCD_WriteData_16bit                      0x08005171   Thumb Code   128  st7789v.o(i.LCD_WriteData_16bit)
    LCD_WriteData_8bit                       0x08005201   Thumb Code    98  st7789v.o(i.LCD_WriteData_8bit)
    LPUART1_Clear_IT                         0x0800526d   Thumb Code    50  usart.o(i.LPUART1_Clear_IT)
    LPUART1_IRQHandler                       0x080052a5   Thumb Code    16  stm32l4xx_it.o(i.LPUART1_IRQHandler)
    LoRaWAN_Borad_Info_Print                 0x080052b9   Thumb Code    66  app.o(i.LoRaWAN_Borad_Info_Print)
    LoRaWAN_Func_Process                     0x080053c1   Thumb Code  1492  app.o(i.LoRaWAN_Func_Process)
    MPL3115_IO_Init                          0x080059d1   Thumb Code     8  mpl3115.o(i.MPL3115_IO_Init)
    MPL3115_Init                             0x080059dd   Thumb Code    26  mpl3115.o(i.MPL3115_Init)
    MPL3115_ReadPressure                     0x080059f9   Thumb Code   102  mpl3115.o(i.MPL3115_ReadPressure)
    MPL3115_ReadStatus                       0x08005a69   Thumb Code    20  mpl3115.o(i.MPL3115_ReadStatus)
    MPL3115_SetMode                          0x08005ad7   Thumb Code   100  mpl3115.o(i.MPL3115_SetMode)
    MX_DMA_Init                              0x08005b8d   Thumb Code    88  dma.o(i.MX_DMA_Init)
    MX_GPIO_Init                             0x08005be9   Thumb Code   560  gpio.o(i.MX_GPIO_Init)
    MX_I2C1_Init                             0x08005e35   Thumb Code    76  i2c.o(i.MX_I2C1_Init)
    MX_LPUART1_UART_Init                     0x08005e8d   Thumb Code    50  usart.o(i.MX_LPUART1_UART_Init)
    MX_RTC_Init                              0x08005ec9   Thumb Code    46  rtc.o(i.MX_RTC_Init)
    MX_TIM15_Init                            0x08005f01   Thumb Code    96  tim.o(i.MX_TIM15_Init)
    MX_TIM3_Init                             0x08005f69   Thumb Code    98  tim.o(i.MX_TIM3_Init)
    MX_TIM6_Init                             0x08005fd5   Thumb Code    60  tim.o(i.MX_TIM6_Init)
    MX_USART1_UART_Init                      0x08006019   Thumb Code    52  usart.o(i.MX_USART1_UART_Init)
    MX_USART2_UART_Init                      0x08006055   Thumb Code    52  usart.o(i.MX_USART2_UART_Init)
    MemManage_Handler                        0x08006091   Thumb Code     2  stm32l4xx_it.o(i.MemManage_Handler)
    NMI_Handler                              0x08006093   Thumb Code     2  stm32l4xx_it.o(i.NMI_Handler)
    Node_Hard_Reset                          0x08006095   Thumb Code    56  lorawan_node_driver.o(i.Node_Hard_Reset)
    OPT3001_Get_Lux                          0x080060e1   Thumb Code    68  opt3001.o(i.OPT3001_Get_Lux)
    OPT3001_IO_Init                          0x0800612d   Thumb Code     8  opt3001.o(i.OPT3001_IO_Init)
    OPT3001_Init                             0x08006139   Thumb Code    76  opt3001.o(i.OPT3001_Init)
    OPT3001_Result                           0x08006203   Thumb Code    20  opt3001.o(i.OPT3001_Result)
    PendSV_Handler                           0x0800624d   Thumb Code     2  stm32l4xx_it.o(i.PendSV_Handler)
    RTC_EnterInitMode                        0x08006501   Thumb Code    70  stm32l4xx_hal_rtc.o(i.RTC_EnterInitMode)
    RTC_ExitInitMode                         0x08006549   Thumb Code    82  stm32l4xx_hal_rtc.o(i.RTC_ExitInitMode)
    Read_ADS                                 0x080065a1   Thumb Code    40  xpt2046.o(i.Read_ADS)
    Read_ADS2                                0x080065c9   Thumb Code   122  xpt2046.o(i.Read_ADS2)
    ST7789V_INIT                             0x08006645   Thumb Code   578  st7789v.o(i.ST7789V_INIT)
    SVC_Handler                              0x08006891   Thumb Code     2  stm32l4xx_it.o(i.SVC_Handler)
    SysTick_Handler                          0x08006893   Thumb Code     4  stm32l4xx_it.o(i.SysTick_Handler)
    SystemClock_Config                       0x08006897   Thumb Code   118  main.o(i.SystemClock_Config)
    SystemInit                               0x0800690d   Thumb Code    12  system_stm32l4xx.o(i.SystemInit)
    TIM15_Init                               0x0800691d   Thumb Code   146  tim.o(i.TIM15_Init)
    TIM3_IRQHandler                          0x080069b9   Thumb Code     6  stm32l4xx_it.o(i.TIM3_IRQHandler)
    TIM_Base_SetConfig                       0x080069c5   Thumb Code   160  stm32l4xx_hal_tim.o(i.TIM_Base_SetConfig)
    TIM_CCxChannelCmd                        0x08006a85   Thumb Code    26  stm32l4xx_hal_tim.o(i.TIM_CCxChannelCmd)
    TIM_ETR_SetConfig                        0x08006a9f   Thumb Code    20  stm32l4xx_hal_tim.o(i.TIM_ETR_SetConfig)
    TIM_OC2_SetConfig                        0x08006b61   Thumb Code   120  stm32l4xx_hal_tim.o(i.TIM_OC2_SetConfig)
    UART_AdvFeatureConfig                    0x08006e1b   Thumb Code   200  stm32l4xx_hal_uart.o(i.UART_AdvFeatureConfig)
    UART_CheckIdleState                      0x08006ee3   Thumb Code   168  stm32l4xx_hal_uart.o(i.UART_CheckIdleState)
    UART_SetConfig                           0x080070f9   Thumb Code   542  stm32l4xx_hal_uart.o(i.UART_SetConfig)
    UART_Start_Receive_DMA                   0x08007341   Thumb Code   146  stm32l4xx_hal_uart.o(i.UART_Start_Receive_DMA)
    UART_WaitOnFlagUntilTimeout              0x080073e1   Thumb Code   140  stm32l4xx_hal_uart.o(i.UART_WaitOnFlagUntilTimeout)
    USART1_IRQHandler                        0x0800746d   Thumb Code     6  stm32l4xx_it.o(i.USART1_IRQHandler)
    USART2_Clear_IT                          0x08007479   Thumb Code    50  usart.o(i.USART2_Clear_IT)
    USART2_IRQHandler                        0x080074b1   Thumb Code    16  stm32l4xx_it.o(i.USART2_IRQHandler)
    UsageFault_Handler                       0x080074c5   Thumb Code     2  stm32l4xx_it.o(i.UsageFault_Handler)
    XPT2046_init                             0x080074c9   Thumb Code    68  xpt2046.o(i.XPT2046_init)
    XPT2046_read                             0x08007519   Thumb Code   138  xpt2046.o(i.XPT2046_read)
    XPT2046_write                            0x080075a3   Thumb Code    62  xpt2046.o(i.XPT2046_write)
    __ARM_fpclassify                         0x080075e1   Thumb Code    48  fpclassify.o(i.__ARM_fpclassify)
    _is_digit                                0x08007631   Thumb Code    14  __printf_wp.o(i._is_digit)
    debug_printf                             0x08007775   Thumb Code    40  usart.o(i.debug_printf)
    delay_10ms                               0x0800779d   Thumb Code    26  st7789v.o(i.delay_10ms)
    find_string                              0x080077b7   Thumb Code    50  common.o(i.find_string)
    htoi                                     0x0800785d   Thumb Code    70  common.o(i.htoi)
    lower2upper_and_remove_spaces            0x080078a3   Thumb Code    32  common.o(i.lower2upper_and_remove_spaces)
    lpusart1_receive_idle                    0x080078c5   Thumb Code    68  usart.o(i.lpusart1_receive_idle)
    lpusart1_send_byte                       0x08007915   Thumb Code    18  usart.o(i.lpusart1_send_byte)
    lpusart1_send_data                       0x0800792d   Thumb Code    24  usart.o(i.lpusart1_send_data)
    lpusart1_send_string                     0x08007945   Thumb Code    20  usart.o(i.lpusart1_send_string)
    main                                     0x08007959   Thumb Code   110  main.o(i.main)
    match_string                             0x080079cd   Thumb Code   136  common.o(i.match_string)
    nodeDataCommunicate                      0x08007a55   Thumb Code    38  lorawan_node_driver.o(i.nodeDataCommunicate)
    nodeGpioConfig                           0x08007a9d   Thumb Code     4  lorawan_node_driver.o(i.nodeGpioConfig)
    nodeJoinNet                              0x08007aa1   Thumb Code     4  lorawan_node_driver.o(i.nodeJoinNet)
    nodeResetJoin                            0x08007ad1   Thumb Code    38  lorawan_node_driver.o(i.nodeResetJoin)
    system_delay_ms                          0x08007e11   Thumb Code    24  common.o(i.system_delay_ms)
    time_out_break_ms                        0x08007e29   Thumb Code    84  common.o(i.time_out_break_ms)
    usart2_receive_idle                      0x08007f51   Thumb Code    60  usart.o(i.usart2_receive_idle)
    usart2_send_byte                         0x08007f91   Thumb Code    22  usart.o(i.usart2_send_byte)
    usart2_send_data                         0x08007fad   Thumb Code    24  usart.o(i.usart2_send_data)
    usart2_send_string                       0x08007fc5   Thumb Code    34  usart.o(i.usart2_send_string)
    _get_lc_numeric                          0x08007fed   Thumb Code    44  lc_numeric_c.o(locale$$code)
    _get_lc_ctype                            0x08008019   Thumb Code    44  lc_ctype_c.o(locale$$code)
    __aeabi_d2f                              0x08008045   Thumb Code     0  d2f.o(x$fpl$d2f)
    _d2f                                     0x08008045   Thumb Code    98  d2f.o(x$fpl$d2f)
    __aeabi_i2d                              0x080080a7   Thumb Code     0  dflt_clz.o(x$fpl$dflt)
    _dflt                                    0x080080a7   Thumb Code    46  dflt_clz.o(x$fpl$dflt)
    __aeabi_ui2d                             0x080080d5   Thumb Code     0  dflt_clz.o(x$fpl$dfltu)
    _dfltu                                   0x080080d5   Thumb Code    38  dflt_clz.o(x$fpl$dfltu)
    __aeabi_dmul                             0x080080fd   Thumb Code     0  dmul.o(x$fpl$dmul)
    _dmul                                    0x080080fd   Thumb Code   332  dmul.o(x$fpl$dmul)
    __fpl_dnaninf                            0x08008251   Thumb Code   156  dnaninf.o(x$fpl$dnaninf)
    __fpl_dretinf                            0x080082ed   Thumb Code    12  dretinf.o(x$fpl$dretinf)
    __aeabi_f2d                              0x080082f9   Thumb Code     0  f2d.o(x$fpl$f2d)
    _f2d                                     0x080082f9   Thumb Code    86  f2d.o(x$fpl$f2d)
    __fpl_fnaninf                            0x0800834f   Thumb Code   140  fnaninf.o(x$fpl$fnaninf)
    _fp_init                                 0x080083db   Thumb Code    10  fpinit.o(x$fpl$fpinit)
    __fplib_config_fpu_vfp                   0x080083e3   Thumb Code     0  fpinit.o(x$fpl$fpinit)
    __fplib_config_pureend_doubles           0x080083e3   Thumb Code     0  fpinit.o(x$fpl$fpinit)
    __fpl_fretinf                            0x080083e5   Thumb Code    10  fretinf.o(x$fpl$fretinf)
    _printf_fp_dec                           0x080083ef   Thumb Code     4  printf1.o(x$fpl$printf1)
    _printf_fp_hex                           0x080083f3   Thumb Code     4  printf2.o(x$fpl$printf2)
    __I$use$fp                               0x080083f6   Number         0  usenofp.o(x$fpl$usenofp)
    asc2_1608                                0x080083f6   Data        1520  st7789v.o(.constdata)
    gImage_lsd                               0x080089e6   Data        2970  st7789v.o(.constdata)
    AHBPrescTable                            0x08009580   Data          16  system_stm32l4xx.o(.constdata)
    MSIRangeTable                            0x08009590   Data          48  system_stm32l4xx.o(.constdata)
    APBPrescTable                            0x080095c0   Data           8  system_stm32l4xx.o(.constdata)
    Region$$Table$$Base                      0x08009738   Number         0  anon$$obj.o(Region$$Table)
    Region$$Table$$Limit                     0x08009758   Number         0  anon$$obj.o(Region$$Table)
    __ctype                                  0x08009781   Data           0  lc_ctype_c.o(locale$$data)
    UP_DataCnt                               0x20000004   Data           1  app.o(.data)
    SensorType                               0x20000005   Data           1  app.o(.data)
    Receice_Down_Data                        0x20000007   Data           1  app.o(.data)
    GUI_Now                                  0x20000008   Data           1  app.o(.data)
    Tim3_Counter                             0x2000000a   Data           2  app.o(.data)
    pphead                                   0x2000000c   Data           4  app.o(.data)
    DevEui                                   0x20000010   Data           4  app.o(.data)
    Tim3_Sensors_Delay_Secend                0x20000014   Data           4  app.o(.data)
    SenSors_Data_Buf_Num                     0x20000018   Data           4  app.o(.data)
    SensorsCnt                               0x2000001c   Data           4  app.o(.data)
    UP_DataBuf                               0x20000020   Data           9  app.o(.data)
    App_Key                                  0x2000002c   Data           2  key.o(.data)
    App_Key_str                              0x20000030   Data           4  key.o(.data)
    node_join_successfully                   0x20000034   Data           1  lorawan_node_driver.o(.data)
    confirm_continue_failure_count           0x20000035   Data           1  lorawan_node_driver.o(.data)
    Error_num                                0x20000037   Data           1  sensors_test.o(.data)
    timeout_start_flag                       0x20000038   Data           1  common.o(.data)
    device_mode                              0x20000040   Data           1  common.o(.data)
    Device_Mode_str                          0x20000044   Data           4  common.o(.data)
    LCD_EN                                   0x20000056   Data           1  xpt2046.o(.data)
    uwTickFreq                               0x20000058   Data           1  stm32l4xx_hal.o(.data)
    uwTickPrio                               0x2000005c   Data           4  stm32l4xx_hal.o(.data)
    uwTick                                   0x20000060   Data           4  stm32l4xx_hal.o(.data)
    SystemCoreClock                          0x20000064   Data           4  system_stm32l4xx.o(.data)
    hi2c1                                    0x20000068   Data          84  i2c.o(.bss)
    Usart1_RX                                0x200000bc   Data        1028  usart.o(.bss)
    Usart2_RX                                0x200004c0   Data        1028  usart.o(.bss)
    LPUsart1_RX                              0x200008c4   Data        1028  usart.o(.bss)
    hlpuart1                                 0x20000cc8   Data         136  usart.o(.bss)
    huart1                                   0x20000d50   Data         136  usart.o(.bss)
    huart2                                   0x20000dd8   Data         136  usart.o(.bss)
    hdma_lpuart_rx                           0x20000e60   Data          72  usart.o(.bss)
    hdma_usart1_rx                           0x20000ea8   Data          72  usart.o(.bss)
    hdma_usart2_rx                           0x20000ef0   Data          72  usart.o(.bss)
    hrtc                                     0x20000f38   Data          36  rtc.o(.bss)
    htim3                                    0x20000f5c   Data          76  tim.o(.bss)
    htim6                                    0x20000fa8   Data          76  tim.o(.bss)
    htim15                                   0x20000ff4   Data          76  tim.o(.bss)
    UP_DataBuf_str                           0x20001040   Data          28  app.o(.bss)
    UP_Data_Status                           0x2000105c   Data          26  app.o(.bss)
    DN_Data_Buf                              0x20001076   Data        1024  app.o(.bss)
    SensorsData                              0x20001478   Data          52  app.o(.bss)
    hdc1000                                  0x20001544   Data          84  hdc1000.o(.bss)
    mpl3115                                  0x20001598   Data          84  mpl3115.o(.bss)
    opt3001                                  0x200015ec   Data          84  opt3001.o(.bss)
    Pen_Point                                0x20001640   Data          24  xpt2046.o(.bss)
    __libspace_start                         0x20001658   Data          96  libspace.o(.bss)
    __temporary_stack_top$libspace           0x200016b8   Data           0  libspace.o(.bss)



==============================================================================

Memory Map of the image

  Image Entry point : 0x08000189

  Load Region LR_IROM1 (Base: 0x08000000, Size: 0x000098ec, Max: 0x00100000, ABSOLUTE)

    Execution Region ER_IROM1 (Exec base: 0x08000000, Load base: 0x08000000, Size: 0x00009884, Max: 0x00100000, ABSOLUTE)

    Exec Addr    Load Addr    Size         Type   Attr      Idx    E Section Name        Object

    0x08000000   0x08000000   0x00000188   Data   RO            3    RESET               startup_stm32l476xx.o
    0x08000188   0x08000188   0x00000008   Code   RO         5950  * !!!main             c_w.l(__main.o)
    0x08000190   0x08000190   0x00000034   Code   RO         6351    !!!scatter          c_w.l(__scatter.o)
    0x080001c4   0x080001c4   0x0000001a   Code   RO         6353    !!handler_copy      c_w.l(__scatter_copy.o)
    0x080001de   0x080001de   0x00000002   PAD
    0x080001e0   0x080001e0   0x0000001c   Code   RO         6355    !!handler_zi        c_w.l(__scatter_zi.o)
    0x080001fc   0x080001fc   0x00000000   Code   RO         5935    .ARM.Collect$$_printf_percent$$00000000  c_w.l(_printf_percent.o)
    0x080001fc   0x080001fc   0x00000006   Code   RO         6059    .ARM.Collect$$_printf_percent$$00000001  c_w.l(_printf_n.o)
    0x08000202   0x08000202   0x00000006   Code   RO         6060    .ARM.Collect$$_printf_percent$$00000002  c_w.l(_printf_p.o)
    0x08000208   0x08000208   0x00000006   Code   RO         6065    .ARM.Collect$$_printf_percent$$00000003  c_w.l(_printf_f.o)
    0x0800020e   0x0800020e   0x00000006   Code   RO         6066    .ARM.Collect$$_printf_percent$$00000004  c_w.l(_printf_e.o)
    0x08000214   0x08000214   0x00000006   Code   RO         6067    .ARM.Collect$$_printf_percent$$00000005  c_w.l(_printf_g.o)
    0x0800021a   0x0800021a   0x00000006   Code   RO         6068    .ARM.Collect$$_printf_percent$$00000006  c_w.l(_printf_a.o)
    0x08000220   0x08000220   0x0000000a   Code   RO         6073    .ARM.Collect$$_printf_percent$$00000007  c_w.l(_printf_ll.o)
    0x0800022a   0x0800022a   0x00000006   Code   RO         6062    .ARM.Collect$$_printf_percent$$00000008  c_w.l(_printf_i.o)
    0x08000230   0x08000230   0x00000006   Code   RO         6063    .ARM.Collect$$_printf_percent$$00000009  c_w.l(_printf_d.o)
    0x08000236   0x08000236   0x00000006   Code   RO         6064    .ARM.Collect$$_printf_percent$$0000000A  c_w.l(_printf_u.o)
    0x0800023c   0x0800023c   0x00000006   Code   RO         6061    .ARM.Collect$$_printf_percent$$0000000B  c_w.l(_printf_o.o)
    0x08000242   0x08000242   0x00000006   Code   RO         5934    .ARM.Collect$$_printf_percent$$0000000C  c_w.l(_printf_x.o)
    0x08000248   0x08000248   0x00000006   Code   RO         6070    .ARM.Collect$$_printf_percent$$0000000D  c_w.l(_printf_lli.o)
    0x0800024e   0x0800024e   0x00000006   Code   RO         6071    .ARM.Collect$$_printf_percent$$0000000E  c_w.l(_printf_lld.o)
    0x08000254   0x08000254   0x00000006   Code   RO         6072    .ARM.Collect$$_printf_percent$$0000000F  c_w.l(_printf_llu.o)
    0x0800025a   0x0800025a   0x00000006   Code   RO         6077    .ARM.Collect$$_printf_percent$$00000010  c_w.l(_printf_llo.o)
    0x08000260   0x08000260   0x00000006   Code   RO         6078    .ARM.Collect$$_printf_percent$$00000011  c_w.l(_printf_llx.o)
    0x08000266   0x08000266   0x0000000a   Code   RO         6074    .ARM.Collect$$_printf_percent$$00000012  c_w.l(_printf_l.o)
    0x08000270   0x08000270   0x00000006   Code   RO         6057    .ARM.Collect$$_printf_percent$$00000013  c_w.l(_printf_c.o)
    0x08000276   0x08000276   0x00000006   Code   RO         6058    .ARM.Collect$$_printf_percent$$00000014  c_w.l(_printf_s.o)
    0x0800027c   0x0800027c   0x00000006   Code   RO         6075    .ARM.Collect$$_printf_percent$$00000015  c_w.l(_printf_lc.o)
    0x08000282   0x08000282   0x00000006   Code   RO         6076    .ARM.Collect$$_printf_percent$$00000016  c_w.l(_printf_ls.o)
    0x08000288   0x08000288   0x00000004   Code   RO         6069    .ARM.Collect$$_printf_percent$$00000017  c_w.l(_printf_percent_end.o)
    0x0800028c   0x0800028c   0x00000002   Code   RO         6272    .ARM.Collect$$libinit$$00000000  c_w.l(libinit.o)
    0x0800028e   0x0800028e   0x00000004   Code   RO         6161    .ARM.Collect$$libinit$$00000001  c_w.l(libinit2.o)
    0x08000292   0x08000292   0x00000000   Code   RO         6164    .ARM.Collect$$libinit$$00000004  c_w.l(libinit2.o)
    0x08000292   0x08000292   0x00000000   Code   RO         6167    .ARM.Collect$$libinit$$0000000A  c_w.l(libinit2.o)
    0x08000292   0x08000292   0x00000000   Code   RO         6169    .ARM.Collect$$libinit$$0000000C  c_w.l(libinit2.o)
    0x08000292   0x08000292   0x00000000   Code   RO         6171    .ARM.Collect$$libinit$$0000000E  c_w.l(libinit2.o)
    0x08000292   0x08000292   0x00000006   Code   RO         6172    .ARM.Collect$$libinit$$0000000F  c_w.l(libinit2.o)
    0x08000298   0x08000298   0x00000000   Code   RO         6174    .ARM.Collect$$libinit$$00000011  c_w.l(libinit2.o)
    0x08000298   0x08000298   0x0000000c   Code   RO         6175    .ARM.Collect$$libinit$$00000012  c_w.l(libinit2.o)
    0x080002a4   0x080002a4   0x00000000   Code   RO         6176    .ARM.Collect$$libinit$$00000013  c_w.l(libinit2.o)
    0x080002a4   0x080002a4   0x00000000   Code   RO         6178    .ARM.Collect$$libinit$$00000015  c_w.l(libinit2.o)
    0x080002a4   0x080002a4   0x0000000a   Code   RO         6179    .ARM.Collect$$libinit$$00000016  c_w.l(libinit2.o)
    0x080002ae   0x080002ae   0x00000000   Code   RO         6180    .ARM.Collect$$libinit$$00000017  c_w.l(libinit2.o)
    0x080002ae   0x080002ae   0x00000000   Code   RO         6182    .ARM.Collect$$libinit$$00000019  c_w.l(libinit2.o)
    0x080002ae   0x080002ae   0x00000000   Code   RO         6184    .ARM.Collect$$libinit$$0000001B  c_w.l(libinit2.o)
    0x080002ae   0x080002ae   0x00000000   Code   RO         6186    .ARM.Collect$$libinit$$0000001D  c_w.l(libinit2.o)
    0x080002ae   0x080002ae   0x00000000   Code   RO         6188    .ARM.Collect$$libinit$$0000001F  c_w.l(libinit2.o)
    0x080002ae   0x080002ae   0x00000000   Code   RO         6190    .ARM.Collect$$libinit$$00000021  c_w.l(libinit2.o)
    0x080002ae   0x080002ae   0x00000000   Code   RO         6192    .ARM.Collect$$libinit$$00000023  c_w.l(libinit2.o)
    0x080002ae   0x080002ae   0x00000000   Code   RO         6194    .ARM.Collect$$libinit$$00000025  c_w.l(libinit2.o)
    0x080002ae   0x080002ae   0x00000000   Code   RO         6198    .ARM.Collect$$libinit$$0000002C  c_w.l(libinit2.o)
    0x080002ae   0x080002ae   0x00000000   Code   RO         6200    .ARM.Collect$$libinit$$0000002E  c_w.l(libinit2.o)
    0x080002ae   0x080002ae   0x00000000   Code   RO         6202    .ARM.Collect$$libinit$$00000030  c_w.l(libinit2.o)
    0x080002ae   0x080002ae   0x00000000   Code   RO         6204    .ARM.Collect$$libinit$$00000032  c_w.l(libinit2.o)
    0x080002ae   0x080002ae   0x00000002   Code   RO         6205    .ARM.Collect$$libinit$$00000033  c_w.l(libinit2.o)
    0x080002b0   0x080002b0   0x00000002   Code   RO         6348    .ARM.Collect$$libshutdown$$00000000  c_w.l(libshutdown.o)
    0x080002b2   0x080002b2   0x00000000   Code   RO         6306    .ARM.Collect$$libshutdown$$00000002  c_w.l(libshutdown2.o)
    0x080002b2   0x080002b2   0x00000000   Code   RO         6308    .ARM.Collect$$libshutdown$$00000004  c_w.l(libshutdown2.o)
    0x080002b2   0x080002b2   0x00000000   Code   RO         6311    .ARM.Collect$$libshutdown$$00000007  c_w.l(libshutdown2.o)
    0x080002b2   0x080002b2   0x00000000   Code   RO         6314    .ARM.Collect$$libshutdown$$0000000A  c_w.l(libshutdown2.o)
    0x080002b2   0x080002b2   0x00000000   Code   RO         6316    .ARM.Collect$$libshutdown$$0000000C  c_w.l(libshutdown2.o)
    0x080002b2   0x080002b2   0x00000000   Code   RO         6319    .ARM.Collect$$libshutdown$$0000000F  c_w.l(libshutdown2.o)
    0x080002b2   0x080002b2   0x00000002   Code   RO         6320    .ARM.Collect$$libshutdown$$00000010  c_w.l(libshutdown2.o)
    0x080002b4   0x080002b4   0x00000000   Code   RO         5996    .ARM.Collect$$rtentry$$00000000  c_w.l(__rtentry.o)
    0x080002b4   0x080002b4   0x00000000   Code   RO         6106    .ARM.Collect$$rtentry$$00000002  c_w.l(__rtentry2.o)
    0x080002b4   0x080002b4   0x00000006   Code   RO         6118    .ARM.Collect$$rtentry$$00000004  c_w.l(__rtentry4.o)
    0x080002ba   0x080002ba   0x00000000   Code   RO         6108    .ARM.Collect$$rtentry$$00000009  c_w.l(__rtentry2.o)
    0x080002ba   0x080002ba   0x00000004   Code   RO         6109    .ARM.Collect$$rtentry$$0000000A  c_w.l(__rtentry2.o)
    0x080002be   0x080002be   0x00000000   Code   RO         6111    .ARM.Collect$$rtentry$$0000000C  c_w.l(__rtentry2.o)
    0x080002be   0x080002be   0x00000008   Code   RO         6112    .ARM.Collect$$rtentry$$0000000D  c_w.l(__rtentry2.o)
    0x080002c6   0x080002c6   0x00000002   Code   RO         6284    .ARM.Collect$$rtexit$$00000000  c_w.l(rtexit.o)
    0x080002c8   0x080002c8   0x00000000   Code   RO         6324    .ARM.Collect$$rtexit$$00000002  c_w.l(rtexit2.o)
    0x080002c8   0x080002c8   0x00000004   Code   RO         6325    .ARM.Collect$$rtexit$$00000003  c_w.l(rtexit2.o)
    0x080002cc   0x080002cc   0x00000006   Code   RO         6326    .ARM.Collect$$rtexit$$00000004  c_w.l(rtexit2.o)
    0x080002d2   0x080002d2   0x00000002   PAD
    0x080002d4   0x080002d4   0x00000040   Code   RO            4    .text               startup_stm32l476xx.o
    0x08000314   0x08000314   0x0000004e   Code   RO         5827    .text               c_w.l(h1_free.o)
    0x08000362   0x08000362   0x000000ee   Code   RO         5881    .text               c_w.l(lludivv7m.o)
    0x08000450   0x08000450   0x00000034   Code   RO         5883    .text               c_w.l(vsnprintf.o)
    0x08000484   0x08000484   0x0000002c   Code   RO         5885    .text               c_w.l(__2sprintf.o)
    0x080004b0   0x080004b0   0x0000004e   Code   RO         5891    .text               c_w.l(_printf_pad.o)
    0x080004fe   0x080004fe   0x00000002   PAD
    0x08000500   0x08000500   0x00000094   Code   RO         5911    .text               c_w.l(_printf_hex_int_ll_ptr.o)
    0x08000594   0x08000594   0x0000018e   Code   RO         5931    .text               c_w.l(__printf_flags_ss_wp.o)
    0x08000722   0x08000722   0x0000003e   Code   RO         5938    .text               c_w.l(strlen.o)
    0x08000760   0x08000760   0x00000018   Code   RO         5940    .text               c_w.l(strcat.o)
    0x08000778   0x08000778   0x0000008a   Code   RO         5942    .text               c_w.l(rt_memcpy_v6.o)
    0x08000802   0x08000802   0x00000044   Code   RO         5944    .text               c_w.l(rt_memclr.o)
    0x08000846   0x08000846   0x0000004e   Code   RO         5946    .text               c_w.l(rt_memclr_w.o)
    0x08000894   0x08000894   0x00000006   Code   RO         5948    .text               c_w.l(heapauxi.o)
    0x0800089a   0x0800089a   0x00000002   PAD
    0x0800089c   0x0800089c   0x00000008   Code   RO         6004    .text               c_w.l(rt_heap_descriptor_intlibspace.o)
    0x080008a4   0x080008a4   0x00000024   Code   RO         6030    .text               c_w.l(_printf_truncate.o)
    0x080008c8   0x080008c8   0x00000052   Code   RO         6032    .text               c_w.l(_printf_str.o)
    0x0800091a   0x0800091a   0x000000b2   Code   RO         6034    .text               c_w.l(_printf_intcommon.o)
    0x080009cc   0x080009cc   0x00000078   Code   RO         6036    .text               c_w.l(_printf_dec.o)
    0x08000a44   0x08000a44   0x00000028   Code   RO         6038    .text               c_w.l(_printf_charcount.o)
    0x08000a6c   0x08000a6c   0x00000030   Code   RO         6040    .text               c_w.l(_printf_char_common.o)
    0x08000a9c   0x08000a9c   0x0000000a   Code   RO         6042    .text               c_w.l(_sputc.o)
    0x08000aa6   0x08000aa6   0x00000010   Code   RO         6044    .text               c_w.l(_snputc.o)
    0x08000ab6   0x08000ab6   0x00000002   PAD
    0x08000ab8   0x08000ab8   0x000000c2   Code   RO         6046    .text               c_w.l(_printf_wctomb.o)
    0x08000b7a   0x08000b7a   0x00000002   PAD
    0x08000b7c   0x08000b7c   0x0000007c   Code   RO         6049    .text               c_w.l(_printf_longlong_dec.o)
    0x08000bf8   0x08000bf8   0x00000070   Code   RO         6055    .text               c_w.l(_printf_oct_int_ll.o)
    0x08000c68   0x08000c68   0x00000064   Code   RO         6079    .text               c_w.l(rt_memcpy_w.o)
    0x08000ccc   0x08000ccc   0x00000008   Code   RO         6102    .text               c_w.l(libspace.o)
    0x08000cd4   0x08000cd4   0x0000008a   Code   RO         6137    .text               c_w.l(lludiv10.o)
    0x08000d5e   0x08000d5e   0x00000424   Code   RO         6139    .text               c_w.l(_printf_fp_dec.o)
    0x08001182   0x08001182   0x00000002   PAD
    0x08001184   0x08001184   0x00000302   Code   RO         6141    .text               c_w.l(_printf_fp_hex.o)
    0x08001486   0x08001486   0x0000002c   Code   RO         6146    .text               c_w.l(_printf_char.o)
    0x080014b2   0x080014b2   0x0000002c   Code   RO         6148    .text               c_w.l(_printf_wchar.o)
    0x080014de   0x080014de   0x00000040   Code   RO         6150    .text               c_w.l(_wcrtomb.o)
    0x0800151e   0x0800151e   0x0000004a   Code   RO         6210    .text               c_w.l(sys_stackheap_outer.o)
    0x08001568   0x08001568   0x00000010   Code   RO         6212    .text               c_w.l(rt_ctype_table.o)
    0x08001578   0x08001578   0x00000008   Code   RO         6219    .text               c_w.l(rt_locale_intlibspace.o)
    0x08001580   0x08001580   0x00000080   Code   RO         6225    .text               c_w.l(_printf_fp_infnan.o)
    0x08001600   0x08001600   0x000000e4   Code   RO         6227    .text               c_w.l(bigflt0.o)
    0x080016e4   0x080016e4   0x00000012   Code   RO         6255    .text               c_w.l(exit.o)
    0x080016f6   0x080016f6   0x00000002   PAD
    0x080016f8   0x080016f8   0x0000000c   Code   RO         6279    .text               c_w.l(sys_exit.o)
    0x08001704   0x08001704   0x00000002   Code   RO         6281    .text               c_w.l(use_no_semi.o)
    0x08001706   0x08001706   0x00000000   Code   RO         6283    .text               c_w.l(indicate_semi.o)
    0x08001706   0x08001706   0x00000002   PAD
    0x08001708   0x08001708   0x00000080   Code   RO         6299    .text               c_w.l(strcmpv7m.o)
    0x08001788   0x08001788   0x0000003e   Code   RO         6230    CL$$btod_d2e        c_w.l(btod.o)
    0x080017c6   0x080017c6   0x00000046   Code   RO         6232    CL$$btod_d2e_denorm_low  c_w.l(btod.o)
    0x0800180c   0x0800180c   0x00000060   Code   RO         6231    CL$$btod_d2e_norm_op1  c_w.l(btod.o)
    0x0800186c   0x0800186c   0x00000338   Code   RO         6240    CL$$btod_div_common  c_w.l(btod.o)
    0x08001ba4   0x08001ba4   0x000000dc   Code   RO         6237    CL$$btod_e2e        c_w.l(btod.o)
    0x08001c80   0x08001c80   0x0000002a   Code   RO         6234    CL$$btod_ediv       c_w.l(btod.o)
    0x08001caa   0x08001caa   0x0000002a   Code   RO         6233    CL$$btod_emul       c_w.l(btod.o)
    0x08001cd4   0x08001cd4   0x00000244   Code   RO         6239    CL$$btod_mult_common  c_w.l(btod.o)
    0x08001f18   0x08001f18   0x00000066   Code   RO         1825    i.ADS_Read_XY       xpt2046.o
    0x08001f7e   0x08001f7e   0x00000002   Code   RO          722    i.BusFault_Handler  stm32l4xx_it.o
    0x08001f80   0x08001f80   0x0000000c   Code   RO          723    i.DMA1_Channel5_IRQHandler  stm32l4xx_it.o
    0x08001f8c   0x08001f8c   0x0000000c   Code   RO          724    i.DMA1_Channel6_IRQHandler  stm32l4xx_it.o
    0x08001f98   0x08001f98   0x0000000c   Code   RO          725    i.DMA2_Channel7_IRQHandler  stm32l4xx_it.o
    0x08001fa4   0x08001fa4   0x0000002e   Code   RO         3195    i.DMA_SetConfig     stm32l4xx_hal_dma.o
    0x08001fd2   0x08001fd2   0x00000002   Code   RO          726    i.DebugMon_Handler  stm32l4xx_it.o
    0x08001fd4   0x08001fd4   0x00000016   Code   RO         1826    i.Delay_us          xpt2046.o
    0x08001fea   0x08001fea   0x00000006   Code   RO          727    i.EXTI0_IRQHandler  stm32l4xx_it.o
    0x08001ff0   0x08001ff0   0x00000008   Code   RO          728    i.EXTI15_10_IRQHandler  stm32l4xx_it.o
    0x08001ff8   0x08001ff8   0x00000006   Code   RO          729    i.EXTI9_5_IRQHandler  stm32l4xx_it.o
    0x08001ffe   0x08001ffe   0x00000004   Code   RO           13    i.Error_Handler     main.o
    0x08002002   0x08002002   0x00000002   PAD
    0x08002004   0x08002004   0x000000c8   Code   RO          879    i.GUI_Show          app.o
    0x080020cc   0x080020cc   0x0000004a   Code   RO         3196    i.HAL_DMA_Abort     stm32l4xx_hal_dma.o
    0x08002116   0x08002116   0x0000004e   Code   RO         3197    i.HAL_DMA_Abort_IT  stm32l4xx_hal_dma.o
    0x08002164   0x08002164   0x00000004   Code   RO         3199    i.HAL_DMA_GetError  stm32l4xx_hal_dma.o
    0x08002168   0x08002168   0x000000ba   Code   RO         3201    i.HAL_DMA_IRQHandler  stm32l4xx_hal_dma.o
    0x08002222   0x08002222   0x00000002   PAD
    0x08002224   0x08002224   0x000000c0   Code   RO         3202    i.HAL_DMA_Init      stm32l4xx_hal_dma.o
    0x080022e4   0x080022e4   0x00000070   Code   RO         3206    i.HAL_DMA_Start_IT  stm32l4xx_hal_dma.o
    0x08002354   0x08002354   0x00000024   Code   RO         2436    i.HAL_Delay         stm32l4xx_hal.o
    0x08002378   0x08002378   0x00000104   Code   RO          951    i.HAL_GPIO_EXTI_Callback  key.o
    0x0800247c   0x0800247c   0x00000018   Code   RO         3131    i.HAL_GPIO_EXTI_IRQHandler  stm32l4xx_hal_gpio.o
    0x08002494   0x08002494   0x0000021e   Code   RO         3132    i.HAL_GPIO_Init     stm32l4xx_hal_gpio.o
    0x080026b2   0x080026b2   0x0000000a   Code   RO         3134    i.HAL_GPIO_ReadPin  stm32l4xx_hal_gpio.o
    0x080026bc   0x080026bc   0x0000000a   Code   RO         3136    i.HAL_GPIO_WritePin  stm32l4xx_hal_gpio.o
    0x080026c6   0x080026c6   0x00000002   PAD
    0x080026c8   0x080026c8   0x0000000c   Code   RO         2440    i.HAL_GetTick       stm32l4xx_hal.o
    0x080026d4   0x080026d4   0x00000056   Code   RO         2375    i.HAL_I2CEx_ConfigAnalogFilter  stm32l4xx_hal_i2c_ex.o
    0x0800272a   0x0800272a   0x00000052   Code   RO         2376    i.HAL_I2CEx_ConfigDigitalFilter  stm32l4xx_hal_i2c_ex.o
    0x0800277c   0x0800277c   0x00000004   Code   RO         1911    i.HAL_I2C_GetError  stm32l4xx_hal_i2c.o
    0x08002780   0x08002780   0x00000006   Code   RO         1913    i.HAL_I2C_GetState  stm32l4xx_hal_i2c.o
    0x08002786   0x08002786   0x00000002   PAD
    0x08002788   0x08002788   0x000000bc   Code   RO         1914    i.HAL_I2C_Init      stm32l4xx_hal_i2c.o
    0x08002844   0x08002844   0x0000012a   Code   RO         1920    i.HAL_I2C_Master_Receive  stm32l4xx_hal_i2c.o
    0x0800296e   0x0800296e   0x00000002   PAD
    0x08002970   0x08002970   0x00000152   Code   RO         1927    i.HAL_I2C_Master_Transmit  stm32l4xx_hal_i2c.o
    0x08002ac2   0x08002ac2   0x00000002   PAD
    0x08002ac4   0x08002ac4   0x0000016a   Code   RO         1932    i.HAL_I2C_Mem_Read  stm32l4xx_hal_i2c.o
    0x08002c2e   0x08002c2e   0x00000002   PAD
    0x08002c30   0x08002c30   0x00000084   Code   RO          381    i.HAL_I2C_MspInit   i2c.o
    0x08002cb4   0x08002cb4   0x00000010   Code   RO         2446    i.HAL_IncTick       stm32l4xx_hal.o
    0x08002cc4   0x08002cc4   0x0000001e   Code   RO         2447    i.HAL_Init          stm32l4xx_hal.o
    0x08002ce2   0x08002ce2   0x00000002   PAD
    0x08002ce4   0x08002ce4   0x00000044   Code   RO         2448    i.HAL_InitTick      stm32l4xx_hal.o
    0x08002d28   0x08002d28   0x0000002c   Code   RO          855    i.HAL_MspInit       stm32l4xx_hal_msp.o
    0x08002d54   0x08002d54   0x00000022   Code   RO         3690    i.HAL_NVIC_DisableIRQ  stm32l4xx_hal_cortex.o
    0x08002d76   0x08002d76   0x0000001a   Code   RO         3691    i.HAL_NVIC_EnableIRQ  stm32l4xx_hal_cortex.o
    0x08002d90   0x08002d90   0x00000040   Code   RO         3697    i.HAL_NVIC_SetPriority  stm32l4xx_hal_cortex.o
    0x08002dd0   0x08002dd0   0x00000024   Code   RO         3698    i.HAL_NVIC_SetPriorityGrouping  stm32l4xx_hal_cortex.o
    0x08002df4   0x08002df4   0x00000068   Code   RO         3423    i.HAL_PWREx_ControlVoltageScaling  stm32l4xx_hal_pwr_ex.o
    0x08002e5c   0x08002e5c   0x00000010   Code   RO         3456    i.HAL_PWREx_GetVoltageRange  stm32l4xx_hal_pwr_ex.o
    0x08002e6c   0x08002e6c   0x000003ae   Code   RO         2785    i.HAL_RCCEx_PeriphCLKConfig  stm32l4xx_hal_rcc_ex.o
    0x0800321a   0x0800321a   0x00000002   PAD
    0x0800321c   0x0800321c   0x00000144   Code   RO         2664    i.HAL_RCC_ClockConfig  stm32l4xx_hal_rcc.o
    0x08003360   0x08003360   0x00000024   Code   RO         2670    i.HAL_RCC_GetPCLK1Freq  stm32l4xx_hal_rcc.o
    0x08003384   0x08003384   0x00000024   Code   RO         2671    i.HAL_RCC_GetPCLK2Freq  stm32l4xx_hal_rcc.o
    0x080033a8   0x080033a8   0x000000a4   Code   RO         2673    i.HAL_RCC_GetSysClockFreq  stm32l4xx_hal_rcc.o
    0x0800344c   0x0800344c   0x00000518   Code   RO         2676    i.HAL_RCC_OscConfig  stm32l4xx_hal_rcc.o
    0x08003964   0x08003964   0x000000b0   Code   RO         4388    i.HAL_RTC_Init      stm32l4xx_hal_rtc.o
    0x08003a14   0x08003a14   0x00000044   Code   RO          615    i.HAL_RTC_MspInit   rtc.o
    0x08003a58   0x08003a58   0x00000038   Code   RO         4396    i.HAL_RTC_WaitForSynchro  stm32l4xx_hal_rtc.o
    0x08003a90   0x08003a90   0x00000028   Code   RO         3702    i.HAL_SYSTICK_Config  stm32l4xx_hal_cortex.o
    0x08003ab8   0x08003ab8   0x00000002   Code   RO         5503    i.HAL_TIMEx_Break2Callback  stm32l4xx_hal_tim_ex.o
    0x08003aba   0x08003aba   0x00000002   Code   RO         5504    i.HAL_TIMEx_BreakCallback  stm32l4xx_hal_tim_ex.o
    0x08003abc   0x08003abc   0x00000002   Code   RO         5505    i.HAL_TIMEx_CommutCallback  stm32l4xx_hal_tim_ex.o
    0x08003abe   0x08003abe   0x00000002   PAD
    0x08003ac0   0x08003ac0   0x0000008c   Code   RO         5507    i.HAL_TIMEx_ConfigBreakDeadTime  stm32l4xx_hal_tim_ex.o
    0x08003b4c   0x08003b4c   0x0000009c   Code   RO         5525    i.HAL_TIMEx_MasterConfigSynchronization  stm32l4xx_hal_tim_ex.o
    0x08003be8   0x08003be8   0x00000062   Code   RO         4789    i.HAL_TIM_Base_Init  stm32l4xx_hal_tim.o
    0x08003c4a   0x08003c4a   0x00000002   PAD
    0x08003c4c   0x08003c4c   0x00000070   Code   RO          657    i.HAL_TIM_Base_MspInit  tim.o
    0x08003cbc   0x08003cbc   0x00000080   Code   RO         4794    i.HAL_TIM_Base_Start_IT  stm32l4xx_hal_tim.o
    0x08003d3c   0x08003d3c   0x000000e0   Code   RO         4798    i.HAL_TIM_ConfigClockSource  stm32l4xx_hal_tim.o
    0x08003e1c   0x08003e1c   0x00000002   Code   RO         4823    i.HAL_TIM_IC_CaptureCallback  stm32l4xx_hal_tim.o
    0x08003e1e   0x08003e1e   0x00000146   Code   RO         4837    i.HAL_TIM_IRQHandler  stm32l4xx_hal_tim.o
    0x08003f64   0x08003f64   0x00000002   Code   RO         4840    i.HAL_TIM_OC_DelayElapsedCallback  stm32l4xx_hal_tim.o
    0x08003f66   0x08003f66   0x00000124   Code   RO         4861    i.HAL_TIM_PWM_ConfigChannel  stm32l4xx_hal_tim.o
    0x0800408a   0x0800408a   0x00000062   Code   RO         4864    i.HAL_TIM_PWM_Init  stm32l4xx_hal_tim.o
    0x080040ec   0x080040ec   0x00000002   Code   RO         4866    i.HAL_TIM_PWM_MspInit  stm32l4xx_hal_tim.o
    0x080040ee   0x080040ee   0x00000002   Code   RO         4867    i.HAL_TIM_PWM_PulseFinishedCallback  stm32l4xx_hal_tim.o
    0x080040f0   0x080040f0   0x00000104   Code   RO         4869    i.HAL_TIM_PWM_Start  stm32l4xx_hal_tim.o
    0x080041f4   0x080041f4   0x00000030   Code   RO          880    i.HAL_TIM_PeriodElapsedCallback  app.o
    0x08004224   0x08004224   0x00000002   Code   RO         4880    i.HAL_TIM_TriggerCallback  stm32l4xx_hal_tim.o
    0x08004226   0x08004226   0x00000002   Code   RO         3902    i.HAL_UARTEx_RxEventCallback  stm32l4xx_hal_uart.o
    0x08004228   0x08004228   0x00000002   Code   RO         4296    i.HAL_UARTEx_WakeupCallback  stm32l4xx_hal_uart_ex.o
    0x0800422a   0x0800422a   0x0000008e   Code   RO         3914    i.HAL_UART_DMAStop  stm32l4xx_hal_uart.o
    0x080042b8   0x080042b8   0x00000002   Code   RO         3918    i.HAL_UART_ErrorCallback  stm32l4xx_hal_uart.o
    0x080042ba   0x080042ba   0x00000002   PAD
    0x080042bc   0x080042bc   0x000002b8   Code   RO         3921    i.HAL_UART_IRQHandler  stm32l4xx_hal_uart.o
    0x08004574   0x08004574   0x00000066   Code   RO         3922    i.HAL_UART_Init     stm32l4xx_hal_uart.o
    0x080045da   0x080045da   0x00000002   PAD
    0x080045dc   0x080045dc   0x000001ea   Code   RO          424    i.HAL_UART_MspInit  usart.o
    0x080047c6   0x080047c6   0x00000002   PAD
    0x080047c8   0x080047c8   0x00000048   Code   RO         3926    i.HAL_UART_Receive_DMA  stm32l4xx_hal_uart.o
    0x08004810   0x08004810   0x00000002   Code   RO         3929    i.HAL_UART_RxCpltCallback  stm32l4xx_hal_uart.o
    0x08004812   0x08004812   0x00000002   Code   RO         3930    i.HAL_UART_RxHalfCpltCallback  stm32l4xx_hal_uart.o
    0x08004814   0x08004814   0x00000002   Code   RO         3934    i.HAL_UART_TxCpltCallback  stm32l4xx_hal_uart.o
    0x08004816   0x08004816   0x00000002   PAD
    0x08004818   0x08004818   0x0000000c   Code   RO         1175    i.HDC1000_IO_Init   hdc1000.o
    0x08004824   0x08004824   0x00000044   Code   RO         1176    i.HDC1000_Init      hdc1000.o
    0x08004868   0x08004868   0x00000096   Code   RO         1177    i.HDC1000_Read_Buffer  hdc1000.o
    0x080048fe   0x080048fe   0x00000014   Code   RO         1180    i.HDC1000_Read_Humidi  hdc1000.o
    0x08004912   0x08004912   0x00000014   Code   RO         1182    i.HDC1000_Read_Temper  hdc1000.o
    0x08004926   0x08004926   0x00000002   PAD
    0x08004928   0x08004928   0x0000006c   Code   RO         1183    i.HDC1000_Write_Buffer  hdc1000.o
    0x08004994   0x08004994   0x00000002   Code   RO          730    i.HardFault_Handler  stm32l4xx_it.o
    0x08004996   0x08004996   0x00000022   Code   RO         1961    i.I2C_Flush_TXDR    stm32l4xx_hal_i2c.o
    0x080049b8   0x080049b8   0x0000010c   Code   RO         1969    i.I2C_IsErrorOccurred  stm32l4xx_hal_i2c.o
    0x08004ac4   0x08004ac4   0x00000064   Code   RO         1974    i.I2C_RequestMemoryRead  stm32l4xx_hal_i2c.o
    0x08004b28   0x08004b28   0x00000030   Code   RO         1978    i.I2C_TransferConfig  stm32l4xx_hal_i2c.o
    0x08004b58   0x08004b58   0x0000006c   Code   RO         1980    i.I2C_WaitOnFlagUntilTimeout  stm32l4xx_hal_i2c.o
    0x08004bc4   0x08004bc4   0x000000a8   Code   RO         1981    i.I2C_WaitOnRXNEFlagUntilTimeout  stm32l4xx_hal_i2c.o
    0x08004c6c   0x08004c6c   0x00000056   Code   RO         1982    i.I2C_WaitOnSTOPFlagUntilTimeout  stm32l4xx_hal_i2c.o
    0x08004cc2   0x08004cc2   0x0000005a   Code   RO         1983    i.I2C_WaitOnTXISFlagUntilTimeout  stm32l4xx_hal_i2c.o
    0x08004d1c   0x08004d1c   0x00000040   Code   RO         1184    i.I2Cx_Init         hdc1000.o
    0x08004d5c   0x08004d5c   0x0000003c   Code   RO          952    i.KEY_DO            key.o
    0x08004d98   0x08004d98   0x00000072   Code   RO         1679    i.LCDOpenWindows    st7789v.o
    0x08004e0a   0x08004e0a   0x00000002   PAD
    0x08004e0c   0x08004e0c   0x00000044   Code   RO         1680    i.LCD_Clear         st7789v.o
    0x08004e50   0x08004e50   0x00000040   Code   RO         1682    i.LCD_DrawPoint     st7789v.o
    0x08004e90   0x08004e90   0x00000060   Code   RO         1684    i.LCD_Fill          st7789v.o
    0x08004ef0   0x08004ef0   0x00000074   Code   RO         1685    i.LCD_Init          st7789v.o
    0x08004f64   0x08004f64   0x000000c6   Code   RO         1686    i.LCD_ST7789_DrawPicture  st7789v.o
    0x0800502a   0x0800502a   0x00000002   PAD
    0x0800502c   0x0800502c   0x00000056   Code   RO         1687    i.LCD_ShowChar      st7789v.o
    0x08005082   0x08005082   0x0000004a   Code   RO         1689    i.LCD_ShowString    st7789v.o
    0x080050cc   0x080050cc   0x00000038   Code   RO         1690    i.LCD_Test          st7789v.o
    0x08005104   0x08005104   0x0000006c   Code   RO         1691    i.LCD_WriteCommand  st7789v.o
    0x08005170   0x08005170   0x00000090   Code   RO         1692    i.LCD_WriteData_16bit  st7789v.o
    0x08005200   0x08005200   0x0000006c   Code   RO         1693    i.LCD_WriteData_8bit  st7789v.o
    0x0800526c   0x0800526c   0x00000038   Code   RO          425    i.LPUART1_Clear_IT  usart.o
    0x080052a4   0x080052a4   0x00000014   Code   RO          731    i.LPUART1_IRQHandler  stm32l4xx_it.o
    0x080052b8   0x080052b8   0x00000108   Code   RO          881    i.LoRaWAN_Borad_Info_Print  app.o
    0x080053c0   0x080053c0   0x0000060e   Code   RO          882    i.LoRaWAN_Func_Process  app.o
    0x080059ce   0x080059ce   0x00000002   PAD
    0x080059d0   0x080059d0   0x0000000c   Code   RO         1437    i.MPL3115_IO_Init   mpl3115.o
    0x080059dc   0x080059dc   0x0000001a   Code   RO         1438    i.MPL3115_Init      mpl3115.o
    0x080059f6   0x080059f6   0x00000002   PAD
    0x080059f8   0x080059f8   0x00000070   Code   RO         1441    i.MPL3115_ReadPressure  mpl3115.o
    0x08005a68   0x08005a68   0x00000014   Code   RO         1442    i.MPL3115_ReadStatus  mpl3115.o
    0x08005a7c   0x08005a7c   0x0000005a   Code   RO         1444    i.MPL3115_Read_Buffer  mpl3115.o
    0x08005ad6   0x08005ad6   0x00000064   Code   RO         1445    i.MPL3115_SetMode   mpl3115.o
    0x08005b3a   0x08005b3a   0x00000002   PAD
    0x08005b3c   0x08005b3c   0x00000050   Code   RO         1446    i.MPL3115_Write_Buffer  mpl3115.o
    0x08005b8c   0x08005b8c   0x0000005c   Code   RO          353    i.MX_DMA_Init       dma.o
    0x08005be8   0x08005be8   0x0000024a   Code   RO          223    i.MX_GPIO_Init      gpio.o
    0x08005e32   0x08005e32   0x00000002   PAD
    0x08005e34   0x08005e34   0x00000058   Code   RO          382    i.MX_I2C1_Init      i2c.o
    0x08005e8c   0x08005e8c   0x0000003c   Code   RO          427    i.MX_LPUART1_UART_Init  usart.o
    0x08005ec8   0x08005ec8   0x00000038   Code   RO          616    i.MX_RTC_Init       rtc.o
    0x08005f00   0x08005f00   0x00000068   Code   RO          658    i.MX_TIM15_Init     tim.o
    0x08005f68   0x08005f68   0x0000006c   Code   RO          659    i.MX_TIM3_Init      tim.o
    0x08005fd4   0x08005fd4   0x00000044   Code   RO          660    i.MX_TIM6_Init      tim.o
    0x08006018   0x08006018   0x0000003c   Code   RO          429    i.MX_USART1_UART_Init  usart.o
    0x08006054   0x08006054   0x0000003c   Code   RO          431    i.MX_USART2_UART_Init  usart.o
    0x08006090   0x08006090   0x00000002   Code   RO          732    i.MemManage_Handler  stm32l4xx_it.o
    0x08006092   0x08006092   0x00000002   Code   RO          733    i.NMI_Handler       stm32l4xx_it.o
    0x08006094   0x08006094   0x0000004c   Code   RO          988    i.Node_Hard_Reset   lorawan_node_driver.o
    0x080060e0   0x080060e0   0x0000004c   Code   RO         1533    i.OPT3001_Get_Lux   opt3001.o
    0x0800612c   0x0800612c   0x0000000c   Code   RO         1534    i.OPT3001_IO_Init   opt3001.o
    0x08006138   0x08006138   0x0000004c   Code   RO         1535    i.OPT3001_Init      opt3001.o
    0x08006184   0x08006184   0x0000007e   Code   RO         1536    i.OPT3001_Read_Buffer  opt3001.o
    0x08006202   0x08006202   0x00000014   Code   RO         1539    i.OPT3001_Result    opt3001.o
    0x08006216   0x08006216   0x00000002   PAD
    0x08006218   0x08006218   0x00000034   Code   RO         1540    i.OPT3001_Write_Buffer  opt3001.o
    0x0800624c   0x0800624c   0x00000002   Code   RO          734    i.PendSV_Handler    stm32l4xx_it.o
    0x0800624e   0x0800624e   0x00000002   PAD
    0x08006250   0x08006250   0x0000012c   Code   RO         2789    i.RCCEx_PLLSAI1_Config  stm32l4xx_hal_rcc_ex.o
    0x0800637c   0x0800637c   0x00000108   Code   RO         2790    i.RCCEx_PLLSAI2_Config  stm32l4xx_hal_rcc_ex.o
    0x08006484   0x08006484   0x0000007c   Code   RO         2677    i.RCC_SetFlashLatencyFromMSIRange  stm32l4xx_hal_rcc.o
    0x08006500   0x08006500   0x00000046   Code   RO         4399    i.RTC_EnterInitMode  stm32l4xx_hal_rtc.o
    0x08006546   0x08006546   0x00000002   PAD
    0x08006548   0x08006548   0x00000058   Code   RO         4400    i.RTC_ExitInitMode  stm32l4xx_hal_rtc.o
    0x080065a0   0x080065a0   0x00000028   Code   RO         1828    i.Read_ADS          xpt2046.o
    0x080065c8   0x080065c8   0x0000007a   Code   RO         1829    i.Read_ADS2         xpt2046.o
    0x08006642   0x08006642   0x00000002   PAD
    0x08006644   0x08006644   0x0000024c   Code   RO         1694    i.ST7789V_INIT      st7789v.o
    0x08006890   0x08006890   0x00000002   Code   RO          735    i.SVC_Handler       stm32l4xx_it.o
    0x08006892   0x08006892   0x00000004   Code   RO          736    i.SysTick_Handler   stm32l4xx_it.o
    0x08006896   0x08006896   0x00000076   Code   RO           14    i.SystemClock_Config  main.o
    0x0800690c   0x0800690c   0x00000010   Code   RO         5789    i.SystemInit        system_stm32l4xx.o
    0x0800691c   0x0800691c   0x0000009c   Code   RO          661    i.TIM15_Init        tim.o
    0x080069b8   0x080069b8   0x0000000c   Code   RO          737    i.TIM3_IRQHandler   stm32l4xx_it.o
    0x080069c4   0x080069c4   0x000000c0   Code   RO         4882    i.TIM_Base_SetConfig  stm32l4xx_hal_tim.o
    0x08006a84   0x08006a84   0x0000001a   Code   RO         4883    i.TIM_CCxChannelCmd  stm32l4xx_hal_tim.o
    0x08006a9e   0x08006a9e   0x00000014   Code   RO         4893    i.TIM_ETR_SetConfig  stm32l4xx_hal_tim.o
    0x08006ab2   0x08006ab2   0x00000010   Code   RO         4894    i.TIM_ITRx_SetConfig  stm32l4xx_hal_tim.o
    0x08006ac2   0x08006ac2   0x00000002   PAD
    0x08006ac4   0x08006ac4   0x0000009c   Code   RO         4895    i.TIM_OC1_SetConfig  stm32l4xx_hal_tim.o
    0x08006b60   0x08006b60   0x00000090   Code   RO         4896    i.TIM_OC2_SetConfig  stm32l4xx_hal_tim.o
    0x08006bf0   0x08006bf0   0x00000090   Code   RO         4897    i.TIM_OC3_SetConfig  stm32l4xx_hal_tim.o
    0x08006c80   0x08006c80   0x00000074   Code   RO         4898    i.TIM_OC4_SetConfig  stm32l4xx_hal_tim.o
    0x08006cf4   0x08006cf4   0x00000070   Code   RO         4899    i.TIM_OC5_SetConfig  stm32l4xx_hal_tim.o
    0x08006d64   0x08006d64   0x00000070   Code   RO         4900    i.TIM_OC6_SetConfig  stm32l4xx_hal_tim.o
    0x08006dd4   0x08006dd4   0x00000022   Code   RO         4902    i.TIM_TI1_ConfigInputStage  stm32l4xx_hal_tim.o
    0x08006df6   0x08006df6   0x00000024   Code   RO         4904    i.TIM_TI2_ConfigInputStage  stm32l4xx_hal_tim.o
    0x08006e1a   0x08006e1a   0x000000c8   Code   RO         3936    i.UART_AdvFeatureConfig  stm32l4xx_hal_uart.o
    0x08006ee2   0x08006ee2   0x000000a8   Code   RO         3937    i.UART_CheckIdleState  stm32l4xx_hal_uart.o
    0x08006f8a   0x08006f8a   0x00000014   Code   RO         3938    i.UART_DMAAbortOnError  stm32l4xx_hal_uart.o
    0x08006f9e   0x08006f9e   0x0000004e   Code   RO         3939    i.UART_DMAError     stm32l4xx_hal_uart.o
    0x08006fec   0x08006fec   0x00000086   Code   RO         3940    i.UART_DMAReceiveCplt  stm32l4xx_hal_uart.o
    0x08007072   0x08007072   0x00000020   Code   RO         3942    i.UART_DMARxHalfCplt  stm32l4xx_hal_uart.o
    0x08007092   0x08007092   0x0000004c   Code   RO         3948    i.UART_EndRxTransfer  stm32l4xx_hal_uart.o
    0x080070de   0x080070de   0x00000018   Code   RO         3949    i.UART_EndTxTransfer  stm32l4xx_hal_uart.o
    0x080070f6   0x080070f6   0x00000002   PAD
    0x080070f8   0x080070f8   0x00000248   Code   RO         3952    i.UART_SetConfig    stm32l4xx_hal_uart.o
    0x08007340   0x08007340   0x000000a0   Code   RO         3953    i.UART_Start_Receive_DMA  stm32l4xx_hal_uart.o
    0x080073e0   0x080073e0   0x0000008c   Code   RO         3957    i.UART_WaitOnFlagUntilTimeout  stm32l4xx_hal_uart.o
    0x0800746c   0x0800746c   0x0000000c   Code   RO          738    i.USART1_IRQHandler  stm32l4xx_it.o
    0x08007478   0x08007478   0x00000038   Code   RO          435    i.USART2_Clear_IT   usart.o
    0x080074b0   0x080074b0   0x00000014   Code   RO          739    i.USART2_IRQHandler  stm32l4xx_it.o
    0x080074c4   0x080074c4   0x00000002   Code   RO          740    i.UsageFault_Handler  stm32l4xx_it.o
    0x080074c6   0x080074c6   0x00000002   PAD
    0x080074c8   0x080074c8   0x00000050   Code   RO         1831    i.XPT2046_init      xpt2046.o
    0x08007518   0x08007518   0x0000008a   Code   RO         1832    i.XPT2046_read      xpt2046.o
    0x080075a2   0x080075a2   0x0000003e   Code   RO         1833    i.XPT2046_write     xpt2046.o
    0x080075e0   0x080075e0   0x00000030   Code   RO         6277    i.__ARM_fpclassify  m_wm.l(fpclassify.o)
    0x08007610   0x08007610   0x00000020   Code   RO         3704    i.__NVIC_SetPriority  stm32l4xx_hal_cortex.o
    0x08007630   0x08007630   0x0000000e   Code   RO         5924    i._is_digit         c_w.l(__printf_wp.o)
    0x0800763e   0x0800763e   0x00000002   PAD
    0x08007640   0x08007640   0x00000134   Code   RO          989    i.commResultPrint   lorawan_node_driver.o
    0x08007774   0x08007774   0x00000028   Code   RO          438    i.debug_printf      usart.o
    0x0800779c   0x0800779c   0x0000001a   Code   RO         1695    i.delay_10ms        st7789v.o
    0x080077b6   0x080077b6   0x00000032   Code   RO         1616    i.find_string       common.o
    0x080077e8   0x080077e8   0x0000004a   Code   RO          990    i.free_down_info_list  lorawan_node_driver.o
    0x08007832   0x08007832   0x00000002   PAD
    0x08007834   0x08007834   0x00000028   Code   RO          991    i.handle_cmd_return_data  lorawan_node_driver.o
    0x0800785c   0x0800785c   0x00000046   Code   RO         1617    i.htoi              common.o
    0x080078a2   0x080078a2   0x00000020   Code   RO         1618    i.lower2upper_and_remove_spaces  common.o
    0x080078c2   0x080078c2   0x00000002   PAD
    0x080078c4   0x080078c4   0x00000050   Code   RO          440    i.lpusart1_receive_idle  usart.o
    0x08007914   0x08007914   0x00000018   Code   RO          441    i.lpusart1_send_byte  usart.o
    0x0800792c   0x0800792c   0x00000018   Code   RO          442    i.lpusart1_send_data  usart.o
    0x08007944   0x08007944   0x00000014   Code   RO          443    i.lpusart1_send_string  usart.o
    0x08007958   0x08007958   0x00000074   Code   RO           15    i.main              main.o
    0x080079cc   0x080079cc   0x00000088   Code   RO         1619    i.match_string      common.o
    0x08007a54   0x08007a54   0x00000048   Code   RO          994    i.nodeDataCommunicate  lorawan_node_driver.o
    0x08007a9c   0x08007a9c   0x00000004   Code   RO          995    i.nodeGpioConfig    lorawan_node_driver.o
    0x08007aa0   0x08007aa0   0x00000004   Code   RO          996    i.nodeJoinNet       lorawan_node_driver.o
    0x08007aa4   0x08007aa4   0x0000002c   Code   RO          997    i.nodePinBusyStatusHolding  lorawan_node_driver.o
    0x08007ad0   0x08007ad0   0x0000002c   Code   RO          998    i.nodeResetJoin     lorawan_node_driver.o
    0x08007afc   0x08007afc   0x00000116   Code   RO          999    i.node_block_join   lorawan_node_driver.o
    0x08007c12   0x08007c12   0x00000002   PAD
    0x08007c14   0x08007c14   0x00000168   Code   RO         1000    i.node_block_send   lorawan_node_driver.o
    0x08007d7c   0x08007d7c   0x00000020   Code   RO         1001    i.node_gpio_read    lorawan_node_driver.o
    0x08007d9c   0x08007d9c   0x00000074   Code   RO         1002    i.node_gpio_set     lorawan_node_driver.o
    0x08007e10   0x08007e10   0x00000018   Code   RO         1620    i.system_delay_ms   common.o
    0x08007e28   0x08007e28   0x00000058   Code   RO         1621    i.time_out_break_ms  common.o
    0x08007e80   0x08007e80   0x000000d0   Code   RO         1004    i.transfer_inquire_command  lorawan_node_driver.o
    0x08007f50   0x08007f50   0x00000040   Code   RO          444    i.usart2_receive_idle  usart.o
    0x08007f90   0x08007f90   0x0000001c   Code   RO          445    i.usart2_send_byte  usart.o
    0x08007fac   0x08007fac   0x00000018   Code   RO          446    i.usart2_send_data  usart.o
    0x08007fc4   0x08007fc4   0x00000028   Code   RO          449    i.usart2_send_string  usart.o
    0x08007fec   0x08007fec   0x0000002c   Code   RO         6253    locale$$code        c_w.l(lc_numeric_c.o)
    0x08008018   0x08008018   0x0000002c   Code   RO         6291    locale$$code        c_w.l(lc_ctype_c.o)
    0x08008044   0x08008044   0x00000062   Code   RO         5952    x$fpl$d2f           fz_wm.l(d2f.o)
    0x080080a6   0x080080a6   0x0000002e   Code   RO         5973    x$fpl$dflt          fz_wm.l(dflt_clz.o)
    0x080080d4   0x080080d4   0x00000026   Code   RO         5972    x$fpl$dfltu         fz_wm.l(dflt_clz.o)
    0x080080fa   0x080080fa   0x00000002   PAD
    0x080080fc   0x080080fc   0x00000154   Code   RO         5978    x$fpl$dmul          fz_wm.l(dmul.o)
    0x08008250   0x08008250   0x0000009c   Code   RO         6083    x$fpl$dnaninf       fz_wm.l(dnaninf.o)
    0x080082ec   0x080082ec   0x0000000c   Code   RO         6085    x$fpl$dretinf       fz_wm.l(dretinf.o)
    0x080082f8   0x080082f8   0x00000056   Code   RO         5980    x$fpl$f2d           fz_wm.l(f2d.o)
    0x0800834e   0x0800834e   0x0000008c   Code   RO         6089    x$fpl$fnaninf       fz_wm.l(fnaninf.o)
    0x080083da   0x080083da   0x0000000a   Code   RO         6273    x$fpl$fpinit        fz_wm.l(fpinit.o)
    0x080083e4   0x080083e4   0x0000000a   Code   RO         6091    x$fpl$fretinf       fz_wm.l(fretinf.o)
    0x080083ee   0x080083ee   0x00000004   Code   RO         6093    x$fpl$printf1       fz_wm.l(printf1.o)
    0x080083f2   0x080083f2   0x00000004   Code   RO         6095    x$fpl$printf2       fz_wm.l(printf2.o)
    0x080083f6   0x080083f6   0x00000000   Code   RO         6101    x$fpl$usenofp       fz_wm.l(usenofp.o)
    0x080083f6   0x080083f6   0x0000118a   Data   RO         1697    .constdata          st7789v.o
    0x08009580   0x08009580   0x00000040   Data   RO         5790    .constdata          system_stm32l4xx.o
    0x080095c0   0x080095c0   0x00000008   Data   RO         5791    .constdata          system_stm32l4xx.o
    0x080095c8   0x080095c8   0x00000028   Data   RO         5912    .constdata          c_w.l(_printf_hex_int_ll_ptr.o)
    0x080095f0   0x080095f0   0x00000011   Data   RO         5932    .constdata          c_w.l(__printf_flags_ss_wp.o)
    0x08009601   0x08009601   0x00000003   PAD
    0x08009604   0x08009604   0x00000008   Data   RO         6047    .constdata          c_w.l(_printf_wctomb.o)
    0x0800960c   0x0800960c   0x00000026   Data   RO         6142    .constdata          c_w.l(_printf_fp_hex.o)
    0x08009632   0x08009632   0x00000002   PAD
    0x08009634   0x08009634   0x00000094   Data   RO         6228    .constdata          c_w.l(bigflt0.o)
    0x080096c8   0x080096c8   0x0000006d   Data   RO          884    .conststring        app.o
    0x08009735   0x08009735   0x00000003   PAD
    0x08009738   0x08009738   0x00000020   Data   RO         6349    Region$$Table       anon$$obj.o
    0x08009758   0x08009758   0x0000001c   Data   RO         6252    locale$$data        c_w.l(lc_numeric_c.o)
    0x08009774   0x08009774   0x00000110   Data   RO         6290    locale$$data        c_w.l(lc_ctype_c.o)


    Execution Region RW_IRAM2 (Exec base: 0x10000000, Load base: 0x080098ec, Size: 0x00000000, Max: 0x00008000, ABSOLUTE)

    **** No section assigned to this execution region ****


    Execution Region RW_IRAM1 (Exec base: 0x20000000, Load base: 0x08009884, Size: 0x00001cb8, Max: 0x00018000, ABSOLUTE)

    Exec Addr    Load Addr    Size         Type   Attr      Idx    E Section Name        Object

    0x20000000   0x08009884   0x00000004   Data   RW          451    .data               usart.o
    0x20000004   0x08009888   0x00000025   Data   RW          885    .data               app.o
    0x20000029   0x080098ad   0x00000003   PAD
    0x2000002c   0x080098b0   0x00000008   Data   RW          953    .data               key.o
    0x20000034   0x080098b8   0x00000003   Data   RW         1006    .data               lorawan_node_driver.o
    0x20000037   0x080098bb   0x00000001   Data   RW         1123    .data               sensors_test.o
    0x20000038   0x080098bc   0x00000008   Data   RW         1622    .data               common.o
    0x20000040   0x080098c4   0x00000001   Data   RW         1623    .data               common.o
    0x20000041   0x080098c5   0x00000003   PAD
    0x20000044   0x080098c8   0x00000004   Data   RW         1624    .data               common.o
    0x20000048   0x080098cc   0x0000000e   Data   RW         1698    .data               st7789v.o
    0x20000056   0x080098da   0x00000001   Data   RW         1835    .data               xpt2046.o
    0x20000057   0x080098db   0x00000001   PAD
    0x20000058   0x080098dc   0x0000000c   Data   RW         2464    .data               stm32l4xx_hal.o
    0x20000064   0x080098e8   0x00000004   Data   RW         5792    .data               system_stm32l4xx.o
    0x20000068        -       0x00000054   Zero   RW          383    .bss                i2c.o
    0x200000bc        -       0x00000e7c   Zero   RW          450    .bss                usart.o
    0x20000f38        -       0x00000024   Zero   RW          617    .bss                rtc.o
    0x20000f5c        -       0x000000e4   Zero   RW          663    .bss                tim.o
    0x20001040        -       0x0000046c   Zero   RW          883    .bss                app.o
    0x200014ac        -       0x00000096   Zero   RW         1005    .bss                lorawan_node_driver.o
    0x20001542   0x080098ec   0x00000002   PAD
    0x20001544        -       0x00000054   Zero   RW         1185    .bss                hdc1000.o
    0x20001598        -       0x00000054   Zero   RW         1447    .bss                mpl3115.o
    0x200015ec        -       0x00000054   Zero   RW         1541    .bss                opt3001.o
    0x20001640        -       0x00000018   Zero   RW         1834    .bss                xpt2046.o
    0x20001658        -       0x00000060   Zero   RW         6103    .bss                c_w.l(libspace.o)
    0x200016b8        -       0x00000200   Zero   RW            2    HEAP                startup_stm32l476xx.o
    0x200018b8        -       0x00000400   Zero   RW            1    STACK               startup_stm32l476xx.o


==============================================================================

Image component sizes


      Code (inc. data)   RO Data    RW Data    ZI Data      Debug   Object Name

      2062        632        109         37       1132       7152   app.o
       400          4          0         13          0       5707   common.o
        92          4          0          0          0        862   dma.o
       586         20          0          0          0     855495   gpio.o
       442         44          0          0         84       5409   hdc1000.o
       220         26          0          0         84       1829   i2c.o
       320         32          0          8          0       2432   key.o
      1660        462          0          3        150      12768   lorawan_node_driver.o
       238          6          0          0          0     840833   main.o
       440         38          0          0         84       5889   mpl3115.o
       362         28          0          0         84       4562   opt3001.o
       124         18          0          0         36       1663   rtc.o
         0          0          0          1          0        232   sensors_test.o
      1846        100       4490         14          0      11160   st7789v.o
        64         26        392          0       1536        860   startup_stm32l476xx.o
       162         24          0         12          0      14525   stm32l4xx_hal.o
       232         14          0          0          0      34661   stm32l4xx_hal_cortex.o
       692         14          0          0          0       5893   stm32l4xx_hal_dma.o
       586         42          0          0          0       3730   stm32l4xx_hal_gpio.o
      2098         52          0          0          0      15195   stm32l4xx_hal_i2c.o
       168          0          0          0          0       1971   stm32l4xx_hal_i2c_ex.o
        44          6          0          0          0        886   stm32l4xx_hal_msp.o
       120         20          0          0          0       1402   stm32l4xx_hal_pwr_ex.o
      1988         98          0          0          0       7052   stm32l4xx_hal_rcc.o
      1506         44          0          0          0       4132   stm32l4xx_hal_rcc_ex.o
       390         16          0          0          0       3713   stm32l4xx_hal_rtc.o
      2544        248          0          0          0      19178   stm32l4xx_hal_tim.o
       302         34          0          0          0       4096   stm32l4xx_hal_tim_ex.o
      2638         90          0          0          0      16914   stm32l4xx_hal_uart.o
         2          0          0          0          0       1060   stm32l4xx_hal_uart_ex.o
       140         38          0          0          0       9329   stm32l4xx_it.o
        16          4         72          4          0       1237   system_stm32l4xx.o
       548         54          0          0        228       3895   tim.o
      1126        110          0          4       3708      11821   usart.o
       566         12          0          1         24       6615   xpt2046.o

    ----------------------------------------------------------------------
     24788       2360       5098        104       7152    1924158   Object Totals
         0          0         32          0          0          0   (incl. Generated)
        64          0          3          7          2          0   (incl. Padding)

    ----------------------------------------------------------------------

      Code (inc. data)   RO Data    RW Data    ZI Data      Debug   Library Member Name

        44          6          0          0          0         84   __2sprintf.o
         8          0          0          0          0         68   __main.o
       398          4         17          0          0         92   __printf_flags_ss_wp.o
        14          0          0          0          0         68   __printf_wp.o
         0          0          0          0          0          0   __rtentry.o
        12          0          0          0          0          0   __rtentry2.o
         6          0          0          0          0          0   __rtentry4.o
        52          8          0          0          0          0   __scatter.o
        26          0          0          0          0          0   __scatter_copy.o
        28          0          0          0          0          0   __scatter_zi.o
         6          0          0          0          0          0   _printf_a.o
         6          0          0          0          0          0   _printf_c.o
        44          0          0          0          0        108   _printf_char.o
        48          6          0          0          0         96   _printf_char_common.o
        40          0          0          0          0         68   _printf_charcount.o
         6          0          0          0          0          0   _printf_d.o
       120         16          0          0          0         92   _printf_dec.o
         6          0          0          0          0          0   _printf_e.o
         6          0          0          0          0          0   _printf_f.o
      1060          0          0          0          0        216   _printf_fp_dec.o
       770          8         38          0          0        100   _printf_fp_hex.o
       128         16          0          0          0         84   _printf_fp_infnan.o
         6          0          0          0          0          0   _printf_g.o
       148          4         40          0          0        160   _printf_hex_int_ll_ptr.o
         6          0          0          0          0          0   _printf_i.o
       178          0          0          0          0         88   _printf_intcommon.o
        10          0          0          0          0          0   _printf_l.o
         6          0          0          0          0          0   _printf_lc.o
        10          0          0          0          0          0   _printf_ll.o
         6          0          0          0          0          0   _printf_lld.o
         6          0          0          0          0          0   _printf_lli.o
         6          0          0          0          0          0   _printf_llo.o
         6          0          0          0          0          0   _printf_llu.o
         6          0          0          0          0          0   _printf_llx.o
       124         16          0          0          0         92   _printf_longlong_dec.o
         6          0          0          0          0          0   _printf_ls.o
         6          0          0          0          0          0   _printf_n.o
         6          0          0          0          0          0   _printf_o.o
       112         10          0          0          0        124   _printf_oct_int_ll.o
         6          0          0          0          0          0   _printf_p.o
        78          0          0          0          0        108   _printf_pad.o
         0          0          0          0          0          0   _printf_percent.o
         4          0          0          0          0          0   _printf_percent_end.o
         6          0          0          0          0          0   _printf_s.o
        82          0          0          0          0         80   _printf_str.o
        36          0          0          0          0         84   _printf_truncate.o
         6          0          0          0          0          0   _printf_u.o
        44          0          0          0          0        108   _printf_wchar.o
       194          6          8          0          0         92   _printf_wctomb.o
         6          0          0          0          0          0   _printf_x.o
        16          0          0          0          0         68   _snputc.o
        10          0          0          0          0         68   _sputc.o
        64          0          0          0          0         92   _wcrtomb.o
       228          4        148          0          0         96   bigflt0.o
      1936        128          0          0          0        672   btod.o
        18          0          0          0          0         80   exit.o
        78          0          0          0          0         80   h1_free.o
         6          0          0          0          0        152   heapauxi.o
         0          0          0          0          0          0   indicate_semi.o
        44         10        272          0          0         76   lc_ctype_c.o
        44         10         28          0          0         76   lc_numeric_c.o
         2          0          0          0          0          0   libinit.o
        34          0          0          0          0          0   libinit2.o
         2          0          0          0          0          0   libshutdown.o
         2          0          0          0          0          0   libshutdown2.o
         8          4          0          0         96         68   libspace.o
       138          0          0          0          0         80   lludiv10.o
       238          0          0          0          0        100   lludivv7m.o
        16          4          0          0          0         76   rt_ctype_table.o
         8          4          0          0          0         68   rt_heap_descriptor_intlibspace.o
         8          4          0          0          0         68   rt_locale_intlibspace.o
        68          0          0          0          0         68   rt_memclr.o
        78          0          0          0          0         80   rt_memclr_w.o
       138          0          0          0          0         68   rt_memcpy_v6.o
       100          0          0          0          0         80   rt_memcpy_w.o
         2          0          0          0          0          0   rtexit.o
        10          0          0          0          0          0   rtexit2.o
        24          0          0          0          0         68   strcat.o
       128          0          0          0          0         68   strcmpv7m.o
        62          0          0          0          0         76   strlen.o
        12          4          0          0          0         68   sys_exit.o
        74          0          0          0          0         80   sys_stackheap_outer.o
         2          0          0          0          0         68   use_no_semi.o
        52          4          0          0          0         80   vsnprintf.o
        98          4          0          0          0        140   d2f.o
        84          0          0          0          0        232   dflt_clz.o
       340         12          0          0          0        152   dmul.o
       156          4          0          0          0        140   dnaninf.o
        12          0          0          0          0        116   dretinf.o
        86          4          0          0          0        132   f2d.o
       140          4          0          0          0        132   fnaninf.o
        10          0          0          0          0        116   fpinit.o
        10          0          0          0          0        116   fretinf.o
         4          0          0          0          0        116   printf1.o
         4          0          0          0          0        116   printf2.o
         0          0          0          0          0          0   usenofp.o
        48          0          0          0          0        124   fpclassify.o

    ----------------------------------------------------------------------
      8602        304        556          0         96       6368   Library Totals
        22          0          5          0          0          0   (incl. Padding)

    ----------------------------------------------------------------------

      Code (inc. data)   RO Data    RW Data    ZI Data      Debug   Library Name

      7588        276        551          0         96       4736   c_w.l
       944         28          0          0          0       1508   fz_wm.l
        48          0          0          0          0        124   m_wm.l

    ----------------------------------------------------------------------
      8602        304        556          0         96       6368   Library Totals

    ----------------------------------------------------------------------

==============================================================================


      Code (inc. data)   RO Data    RW Data    ZI Data      Debug   

     33390       2664       5654        104       7248    1905474   Grand Totals
     33390       2664       5654        104       7248    1905474   ELF Image Totals
     33390       2664       5654        104          0          0   ROM Totals

==============================================================================

    Total RO  Size (Code + RO Data)                39044 (  38.13kB)
    Total RW  Size (RW Data + ZI Data)              7352 (   7.18kB)
    Total ROM Size (Code + RO Data + RW Data)      39148 (  38.23kB)

==============================================================================

